ARM Linker, 5.03 [Build 76] [MDK-ARM Standard]

==============================================================================

Section Cross References

    main.o(i.main) refers to sys.o(i.IWDG_Init) for IWDG_Init
    main.o(i.main) refers to stm32f10x_rcc.o(i.RCC_GetClocksFreq) for RCC_GetClocksFreq
    main.o(i.main) refers to sys.o(i.NVIC_Configuration) for NVIC_Configuration
    main.o(i.main) refers to delay.o(i.delay_init) for delay_init
    main.o(i.main) refers to rtc.o(i.RTC_Init) for RTC_Init
    main.o(i.main) refers to 24cxx.o(i.AT24CXX_Init) for AT24CXX_Init
    main.o(i.main) refers to dac.o(i.DAC1_Init) for DAC1_Init
    main.o(i.main) refers to led.o(i.LED_Init) for LED_Init
    main.o(i.main) refers to inventr.o(i.RELAY_Init) for RELAY_Init
    main.o(i.main) refers to cd4051b.o(i.CD4051B_Init) for CD4051B_Init
    main.o(i.main) refers to usart.o(i.TIM2_Init) for TIM2_Init
    main.o(i.main) refers to pwm.o(i.TIM5_Int_Init) for TIM5_Int_Init
    main.o(i.main) refers to usart.o(i.USART1_Init) for USART1_Init
    main.o(i.main) refers to usart2.o(i.USART2_Init) for USART2_Init
    main.o(i.main) refers to usart.o(i.USART3_Init) for USART3_Init
    main.o(i.main) refers to usart.o(i.UART4_Init) for UART4_Init
    main.o(i.main) refers to usart.o(i.UART5_Init) for UART5_Init
    main.o(i.main) refers to malloc.o(i.mem_init) for mem_init
    main.o(i.main) refers to sys.o(i.IWDG_Feed) for IWDG_Feed
    main.o(i.main) refers to common.o(i.ReadParametersFromEEPROM) for ReadParametersFromEEPROM
    main.o(i.main) refers to rtos_task.o(i.AppObjCreate) for AppObjCreate
    main.o(i.main) refers to rtos_task.o(i.AppTaskCreate) for AppTaskCreate
    main.o(i.main) refers to tasks.o(i.vTaskStartScheduler) for vTaskStartScheduler
    main.o(i.main) refers to delay.o(i.delay_ms) for delay_ms
    main.o(i.main) refers to main.o(.bss) for .bss
    common.o(i.CRC16) refers to common.o(.data) for .data
    common.o(i.CRC32) refers to common.o(.constdata) for .constdata
    common.o(i.CopyStrToPointer) refers to malloc.o(i.myfree) for myfree
    common.o(i.CopyStrToPointer) refers to malloc.o(i.mymalloc) for mymalloc
    common.o(i.CopyStrToPointer) refers to rt_memclr.o(.text) for __aeabi_memclr
    common.o(i.CopyStrToPointer) refers to rt_memcpy_v6.o(.text) for __aeabi_memcpy
    common.o(i.GetAPN) refers to common.o(i.GetMemoryForString) for GetMemoryForString
    common.o(i.GetAPN) refers to common.o(.bss) for .bss
    common.o(i.GetAPN) refers to common.o(.data) for .data
    common.o(i.GetDeviceICCID) refers to common.o(i.GetMemoryForString) for GetMemoryForString
    common.o(i.GetDeviceICCID) refers to common.o(.bss) for .bss
    common.o(i.GetDeviceICCID) refers to common.o(.data) for .data
    common.o(i.GetDeviceID) refers to common.o(i.GetMemoryForString) for GetMemoryForString
    common.o(i.GetDeviceID) refers to common.o(.bss) for .bss
    common.o(i.GetDeviceID) refers to common.o(.data) for .data
    common.o(i.GetDeviceIMSI) refers to common.o(i.GetMemoryForString) for GetMemoryForString
    common.o(i.GetDeviceIMSI) refers to common.o(.bss) for .bss
    common.o(i.GetDeviceIMSI) refers to common.o(.data) for .data
    common.o(i.GetDeviceName) refers to common.o(i.GetMemoryForString) for GetMemoryForString
    common.o(i.GetDeviceName) refers to common.o(.bss) for .bss
    common.o(i.GetDeviceName) refers to common.o(.data) for .data
    common.o(i.GetDeviceUUID) refers to common.o(i.GetMemoryForString) for GetMemoryForString
    common.o(i.GetDeviceUUID) refers to common.o(.bss) for .bss
    common.o(i.GetDeviceUUID) refers to common.o(.data) for .data
    common.o(i.GetMemoryForString) refers to common.o(i.GetDatBit) for GetDatBit
    common.o(i.GetMemoryForString) refers to malloc.o(i.mymalloc) for mymalloc
    common.o(i.GetMemoryForString) refers to strlen.o(.text) for strlen
    common.o(i.GetMemoryForString) refers to malloc.o(i.myfree) for myfree
    common.o(i.GetMemoryForString) refers to rt_memclr.o(.text) for __aeabi_memclr
    common.o(i.GetMemoryForString) refers to common.o(i.IntToString) for IntToString
    common.o(i.GetMemoryForString) refers to rt_memcpy_v6.o(.text) for __aeabi_memcpy
    common.o(i.GetServerDomain) refers to common.o(i.GetMemoryForString) for GetMemoryForString
    common.o(i.GetServerDomain) refers to common.o(.bss) for .bss
    common.o(i.GetServerDomain) refers to common.o(.data) for .data
    common.o(i.GetServerIP) refers to common.o(i.GetMemoryForString) for GetMemoryForString
    common.o(i.GetServerIP) refers to common.o(.bss) for .bss
    common.o(i.GetServerIP) refers to common.o(.data) for .data
    common.o(i.GetServerPort) refers to common.o(i.GetMemoryForString) for GetMemoryForString
    common.o(i.GetServerPort) refers to common.o(.bss) for .bss
    common.o(i.GetServerPort) refers to common.o(.data) for .data
    common.o(i.GetSysTick100ms) refers to common.o(.data) for .data
[...]
    xTaskIncrementTick                       0x08013c69   Thumb Code   194  tasks.o(i.xTaskIncrementTick)
    xTaskPriorityDisinherit                  0x08013d35   Thumb Code   144  tasks.o(i.xTaskPriorityDisinherit)
    xTaskRemoveFromEventList                 0x08013dcd   Thumb Code   108  tasks.o(i.xTaskRemoveFromEventList)
    xTaskResumeAll                           0x08013e41   Thumb Code   182  tasks.o(i.xTaskResumeAll)
    _get_lc_ctype                            0x08013f05   Thumb Code    44  lc_ctype_c.o(locale$$code)
    _get_lc_numeric                          0x08013f31   Thumb Code    44  lc_numeric_c.o(locale$$code)
    __aeabi_dadd                             0x08013f5d   Thumb Code     0  daddsub_clz.o(x$fpl$dadd)
    _dadd                                    0x08013f5d   Thumb Code   332  daddsub_clz.o(x$fpl$dadd)
    __fpl_dcheck_NaN1                        0x080140ad   Thumb Code    10  dcheck1.o(x$fpl$dcheck1)
    __fpl_dcmp_Inf                           0x080140bd   Thumb Code    24  dcmpi.o(x$fpl$dcmpinf)
    __aeabi_ddiv                             0x080140d5   Thumb Code     0  ddiv.o(x$fpl$ddiv)
    _ddiv                                    0x080140d5   Thumb Code   552  ddiv.o(x$fpl$ddiv)
    __aeabi_d2uiz                            0x08014385   Thumb Code     0  dfixu.o(x$fpl$dfixu)
    _dfixu                                   0x08014385   Thumb Code    90  dfixu.o(x$fpl$dfixu)
    __aeabi_i2d                              0x080143df   Thumb Code     0  dflt_clz.o(x$fpl$dflt)
    _dflt                                    0x080143df   Thumb Code    46  dflt_clz.o(x$fpl$dflt)
    __aeabi_l2d                              0x0801440d   Thumb Code     0  dfltll_clz.o(x$fpl$dfltll)
    _ll_sto_d                                0x0801440d   Thumb Code   162  dfltll_clz.o(x$fpl$dfltll)
    __aeabi_ui2d                             0x080144af   Thumb Code     0  dflt_clz.o(x$fpl$dfltu)
    _dfltu                                   0x080144af   Thumb Code    38  dflt_clz.o(x$fpl$dfltu)
    __aeabi_cdcmple                          0x080144d5   Thumb Code     0  dleqf.o(x$fpl$dleqf)
    _dcmple                                  0x080144d5   Thumb Code   120  dleqf.o(x$fpl$dleqf)
    __fpl_dcmple_InfNaN                      0x08014537   Thumb Code     0  dleqf.o(x$fpl$dleqf)
    __aeabi_dmul                             0x0801454d   Thumb Code     0  dmul.o(x$fpl$dmul)
    _dmul                                    0x0801454d   Thumb Code   332  dmul.o(x$fpl$dmul)
    __fpl_dnaninf                            0x080146a1   Thumb Code   156  dnaninf.o(x$fpl$dnaninf)
    __fpl_dretinf                            0x0801473d   Thumb Code    12  dretinf.o(x$fpl$dretinf)
    __aeabi_cdrcmple                         0x08014749   Thumb Code     0  drleqf.o(x$fpl$drleqf)
    _drcmple                                 0x08014749   Thumb Code   108  drleqf.o(x$fpl$drleqf)
    __aeabi_drsub                            0x080147b5   Thumb Code     0  daddsub_clz.o(x$fpl$drsb)
    _drsb                                    0x080147b5   Thumb Code    22  daddsub_clz.o(x$fpl$drsb)
    _dsqrt                                   0x080147cd   Thumb Code   456  dsqrt_noumaal.o(x$fpl$dsqrt)
    __aeabi_dsub                             0x08014999   Thumb Code     0  daddsub_clz.o(x$fpl$dsub)
    _dsub                                    0x08014999   Thumb Code   464  daddsub_clz.o(x$fpl$dsub)
    __aeabi_f2d                              0x08014b6d   Thumb Code     0  f2d.o(x$fpl$f2d)
    _f2d                                     0x08014b6d   Thumb Code    86  f2d.o(x$fpl$f2d)
    __aeabi_fadd                             0x08014bc5   Thumb Code     0  faddsub_clz.o(x$fpl$fadd)
    _fadd                                    0x08014bc5   Thumb Code   196  faddsub_clz.o(x$fpl$fadd)
    __aeabi_fdiv                             0x08014c89   Thumb Code     0  fdiv.o(x$fpl$fdiv)
    _fdiv                                    0x08014c89   Thumb Code   384  fdiv.o(x$fpl$fdiv)
    __aeabi_f2uiz                            0x08014e0d   Thumb Code     0  ffixu.o(x$fpl$ffixu)
    _ffixu                                   0x08014e0d   Thumb Code    62  ffixu.o(x$fpl$ffixu)
    __aeabi_i2f                              0x08014e4d   Thumb Code     0  fflt_clz.o(x$fpl$fflt)
    _fflt                                    0x08014e4d   Thumb Code    48  fflt_clz.o(x$fpl$fflt)
    __aeabi_ui2f                             0x08014e7d   Thumb Code     0  fflt_clz.o(x$fpl$ffltu)
    _ffltu                                   0x08014e7d   Thumb Code    38  fflt_clz.o(x$fpl$ffltu)
    __aeabi_fmul                             0x08014ea5   Thumb Code     0  fmul.o(x$fpl$fmul)
    _fmul                                    0x08014ea5   Thumb Code   258  fmul.o(x$fpl$fmul)
    __fpl_fnaninf                            0x08014fa7   Thumb Code   140  fnaninf.o(x$fpl$fnaninf)
    __fpl_fretinf                            0x08015033   Thumb Code    10  fretinf.o(x$fpl$fretinf)
    __aeabi_fsub                             0x0801503d   Thumb Code     0  faddsub_clz.o(x$fpl$fsub)
    _fsub                                    0x0801503d   Thumb Code   234  faddsub_clz.o(x$fpl$fsub)
    __aeabi_d2lz                             0x08015129   Thumb Code     0  dfixll.o(x$fpl$llsfromd)
    _ll_sfrom_d                              0x08015129   Thumb Code   194  dfixll.o(x$fpl$llsfromd)
    _printf_fp_dec                           0x080151eb   Thumb Code     4  printf1.o(x$fpl$printf1)
    __fpl_return_NaN                         0x080151ef   Thumb Code   100  retnan.o(x$fpl$retnan)
    __ARM_scalbn                             0x08015253   Thumb Code    92  scalbn.o(x$fpl$scalbn)
    __fpl_cmpreturn                          0x080152af   Thumb Code    48  trapv.o(x$fpl$trapveneer)
    __I$use$fp                               0x080152de   Number         0  usenofp.o(x$fpl$usenofp)
    table_week                               0x080152de   Data          12  rtc.o(.constdata)
    mon_table                                0x080152ea   Data          12  rtc.o(.constdata)
    _monlen                                  0x080153b8   Data          12  _monlen.o(.constdata)
    __mathlib_zero                           0x080153c8   Data           8  qnan.o(.constdata)
    Region$$Table$$Base                      0x08015464   Number         0  anon$$obj.o(Region$$Table)
    Region$$Table$$Limit                     0x08015484   Number         0  anon$$obj.o(Region$$Table)
    __ctype                                  0x08015491   Data           0  lc_ctype_c.o(locale$$data)
    TimeGroupNumber                          0x20000000   Data           1  common.o(.data)
    HaveNewFirmWare                          0x20000001   Data           1  common.o(.data)
    NewFirmWareAdd                           0x20000002   Data           1  common.o(.data)
    LastBagByteNum                           0x20000003   Data           1  common.o(.data)
    Operators                                0x20000004   Data           1  common.o(.data)
    PowerINTFC                               0x20000005   Data           1  common.o(.data)
    TimeZone                                 0x20000006   Data           1  common.o(.data)
    LightLevelPercent                        0x20000007   Data           1  common.o(.data)
    NewFirmWareBagNum                        0x20000008   Data           2  common.o(.data)
    NewFirmWareVer                           0x2000000a   Data           2  common.o(.data)
    UpLoadINCL                               0x2000000c   Data           2  common.o(.data)
    RegularTimeWeekDay                       0x20000010   Data           4  common.o(.data)
    RegularTimeWeekEnd                       0x20000014   Data           4  common.o(.data)
    RegularTimeHoliday                       0x20000018   Data           4  common.o(.data)
    xMutex_STRATEGY                          0x2000001c   Data           4  common.o(.data)
    SysTick1ms                               0x20000020   Data           4  common.o(.data)
    SysTick10ms                              0x20000024   Data           4  common.o(.data)
    SysTick100ms                             0x20000028   Data           4  common.o(.data)
    SysTick1s                                0x2000002c   Data           4  common.o(.data)
    BootLoaderVersion                        0x20000030   Data           4  common.o(.data)
    SoftWareVersion                          0x20000034   Data           4  common.o(.data)
    HardWareVersion                          0x20000038   Data           4  common.o(.data)
    DeviceName                               0x2000003c   Data           4  common.o(.data)
    DeviceID                                 0x20000040   Data           4  common.o(.data)
    DeviceUUID                               0x20000044   Data           4  common.o(.data)
    DeviceICCID                              0x20000048   Data           4  common.o(.data)
    DeviceIMSI                               0x2000004c   Data           4  common.o(.data)
    APName                                   0x20000050   Data           4  common.o(.data)
    ServerDomain                             0x20000054   Data           4  common.o(.data)
    ServerIP                                 0x20000058   Data           4  common.o(.data)
    ServerPort                               0x2000005c   Data           4  common.o(.data)
    HolodayRange                             0x20000060   Data           6  common.o(.data)
    xMutex_IIC1                              0x20000268   Data           4  common.o(.data)
    xMutex_INVENTR                           0x2000026c   Data           4  common.o(.data)
    xMutex_AT_COMMAND                        0x20000270   Data           4  common.o(.data)
    xQueue_sensor                            0x20000274   Data           4  common.o(.data)
    NeedToReset                              0x20000278   Data           1  common.o(.data)
    GetTimeOK                                0x20000279   Data           1  common.o(.data)
    DeviceWorkMode                           0x2000027a   Data           1  common.o(.data)
    GpsInfo                                  0x2000027c   Data           4  common.o(.data)
    xHandleTaskLED                           0x20000280   Data           4  task_led.o(.data)
    xHandleTaskHCI                           0x20000284   Data           4  task_hci.o(.data)
    InputCurrent                             0x20000288   Data           4  task_sensor.o(.data)
    InputVoltage                             0x2000028c   Data           4  task_sensor.o(.data)
    InputFreq                                0x20000290   Data           4  task_sensor.o(.data)
    InputPowerP                              0x20000294   Data           4  task_sensor.o(.data)
    InputPowerQ                              0x20000298   Data           4  task_sensor.o(.data)
    InputPowerS                              0x2000029c   Data           4  task_sensor.o(.data)
    InputEnergyP                             0x200002a0   Data           4  task_sensor.o(.data)
    InputEnergyQ                             0x200002a4   Data           4  task_sensor.o(.data)
    InputEnergyS                             0x200002a8   Data           4  task_sensor.o(.data)
    p_tSensorMsg                             0x200002ac   Data           4  task_sensor.o(.data)
    xHandleTaskSENSOR                        0x200002b0   Data           4  task_sensor.o(.data)
    xHandleTaskNET                           0x200002b4   Data           4  task_net.o(.data)
    SignalIntensity                          0x200002b8   Data           1  task_net.o(.data)
    p_tSensorMsgNet                          0x200002bc   Data           4  task_net.o(.data)
    dev                                      0x200002c0   Data           4  task_net.o(.data)
    xHandleTaskMAIN                          0x200002d0   Data           4  task_main.o(.data)
    MirrorLightLevelPercent                  0x200002d4   Data           1  task_main.o(.data)
    MirrorPowerINTFC                         0x200002d5   Data           1  task_main.o(.data)
    SystemCoreClock                          0x200002d8   Data           4  system_stm32f10x.o(.data)
    AHBPrescTable                            0x200002dc   Data          16  system_stm32f10x.o(.data)
    Usart1RecvEnd                            0x200002f6   Data           1  usart.o(.data)
    Usart1Busy                               0x200002f7   Data           1  usart.o(.data)
    Usart3RecvEnd                            0x200002f8   Data           1  usart.o(.data)
    Usart3Busy                               0x200002f9   Data           1  usart.o(.data)
    Usart4RecvEnd                            0x200002fa   Data           1  usart.o(.data)
    Usart4Busy                               0x200002fb   Data           1  usart.o(.data)
    Usart5RecvEnd                            0x200002fc   Data           1  usart.o(.data)
    Usart5Busy                               0x200002fd   Data           1  usart.o(.data)
    Usart1RxCnt                              0x20000300   Data           2  usart.o(.data)
    OldUsart1RxCnt                           0x20000302   Data           2  usart.o(.data)
    Usart1FrameLen                           0x20000304   Data           2  usart.o(.data)
    Usart1SendLen                            0x20000306   Data           2  usart.o(.data)
    Usart1SendNum                            0x20000308   Data           2  usart.o(.data)
    Usart3RxCnt                              0x2000030a   Data           2  usart.o(.data)
    OldUsart3RxCnt                           0x2000030c   Data           2  usart.o(.data)
    Usart3FrameLen                           0x2000030e   Data           2  usart.o(.data)
    Usart3SendLen                            0x20000310   Data           2  usart.o(.data)
    Usart3SendNum                            0x20000312   Data           2  usart.o(.data)
    Usart4RxCnt                              0x20000314   Data           2  usart.o(.data)
    OldUsart4RxCnt                           0x20000316   Data           2  usart.o(.data)
    Usart4FrameLen                           0x20000318   Data           2  usart.o(.data)
    Usart4SendLen                            0x2000031a   Data           2  usart.o(.data)
    Usart4SendNum                            0x2000031c   Data           2  usart.o(.data)
    Usart5RxCnt                              0x2000031e   Data           2  usart.o(.data)
    OldUsart5RxCnt                           0x20000320   Data           2  usart.o(.data)
    Usart5FrameLen                           0x20000322   Data           2  usart.o(.data)
    Usart5SendLen                            0x20000324   Data           2  usart.o(.data)
    Usart5SendNum                            0x20000326   Data           2  usart.o(.data)
    __stdout                                 0x20000328   Data           4  usart.o(.data)
    rsp_ok                                   0x2000032c   Data           1  usart2.o(.data)
    dl_buf_id                                0x2000032d   Data           1  usart2.o(.data)
    Temperature                              0x20000340   Data           4  sht2x.o(.data)
    Humidity                                 0x20000344   Data           4  sht2x.o(.data)
    Illumination                             0x20000348   Data           4  bh1750.o(.data)
    InventrBusy                              0x2000034c   Data           1  inventr.o(.data)
    InventrDisable                           0x2000034d   Data           1  inventr.o(.data)
    InventrInPutCurrent                      0x20000358   Data           4  inventr.o(.data)
    InventrInPutVoltage                      0x2000035c   Data           4  inventr.o(.data)
    InventrOutPutCurrent                     0x20000360   Data           4  inventr.o(.data)
    InventrOutPutVoltage                     0x20000364   Data           4  inventr.o(.data)
    callback                                 0x20000368   Data           4  at_cmd.o(.data)
    flag_ok                                  0x2000036c   Data           4  at_cmd.o(.data)
    result_ptr                               0x20000370   Data           4  at_cmd.o(.data)
    bcxx_init_ok                             0x20000374   Data           1  bcxx.o(.data)
    flag                                     0x200003a8   Data           1  dali.o(.data)
    bit_count                                0x200003a9   Data           1  dali.o(.data)
    bit_value                                0x200003aa   Data           1  dali.o(.data)
    actual_val                               0x200003ab   Data           1  dali.o(.data)
    former_val                               0x200003ac   Data           1  dali.o(.data)
    recv_num                                 0x200003ad   Data           1  dali.o(.data)
    recv_ok                                  0x200003ae   Data           1  dali.o(.data)
    tick_count                               0x200003b0   Data           2  dali.o(.data)
    send_num                                 0x200003b2   Data           2  dali.o(.data)
    mallco_dev                               0x200003c8   Data          20  malloc.o(.data)
    pipe                                     0x200003dc   Data           8  fifo.o(.data)
    AT_ECHO                                  0x200003e4   Data           1  at_protoco.o(.data)
    pxCurrentTCB                             0x200003f4   Data           4  tasks.o(.data)
    xSchedulerRunning                        0x20000408   Data           4  tasks.o(.data)
    msgid_list_pos                           0x2000042e   Data           1  nbiot.o(.data)
    Registered_Flag                          0x2000042f   Data           1  nbiot.o(.data)
    discovered_num                           0x20000430   Data           1  nbiot.o(.data)
    Attrcount                                0x20000431   Data           1  nbiot.o(.data)
    Actcount                                 0x20000432   Data           1  nbiot.o(.data)
    RCC_Clocks                               0x20000434   Data          20  main.o(.bss)
    HoldReg                                  0x20000448   Data         512  common.o(.bss)
    in_put_current                           0x20000648   Data          16  task_net.o(.bss)
    out_put_current                          0x20000658   Data          16  task_net.o(.bss)
    in_put_voltage                           0x20000668   Data          16  task_net.o(.bss)
    out_put_voltage                          0x20000678   Data          16  task_net.o(.bss)
    in_put_freq                              0x20000688   Data          16  task_net.o(.bss)
    in_put_power_p                           0x20000698   Data          16  task_net.o(.bss)
    in_put_power_q                           0x200006a8   Data          16  task_net.o(.bss)
    in_put_power_s                           0x200006b8   Data          16  task_net.o(.bss)
    in_put_energy_p                          0x200006c8   Data          16  task_net.o(.bss)
    in_put_energy_q                          0x200006d8   Data          16  task_net.o(.bss)
    in_put_energy_s                          0x200006e8   Data          16  task_net.o(.bss)
    signal_intensity                         0x200006f8   Data          16  task_net.o(.bss)
    light_control_dimmer                     0x20000708   Data          16  task_net.o(.bss)
    device_uuid                              0x20000718   Data          16  task_net.o(.bss)
    ota                                      0x20000728   Data          16  task_net.o(.bss)
    reset                                    0x20000738   Data          16  task_net.o(.bss)
    work_mode                                0x20000748   Data          16  task_net.o(.bss)
    time_strategy                            0x20000758   Data          16  task_net.o(.bss)
    data_upload_interval                     0x20000768   Data          16  task_net.o(.bss)
    power_interface                          0x20000778   Data          16  task_net.o(.bss)
    calendar                                 0x20000788   Data          10  rtc.o(.bss)
    Usart1RxBuf                              0x20000792   Data         256  usart.o(.bss)
    Usart1TxBuf                              0x20000892   Data         256  usart.o(.bss)
    Usart3RxBuf                              0x20000992   Data          16  usart.o(.bss)
    Usart3TxBuf                              0x200009a2   Data          16  usart.o(.bss)
    Usart4RxBuf                              0x200009b2   Data         128  usart.o(.bss)
    Usart4TxBuf                              0x20000a32   Data         128  usart.o(.bss)
    Usart5RxBuf                              0x20000ab2   Data         128  usart.o(.bss)
    Usart5TxBuf                              0x20000b32   Data         128  usart.o(.bss)
    ring_fifo                                0x20000bb4   Data          12  usart2.o(.bss)
    ring_fifo1                               0x20000bc0   Data          12  usart2.o(.bss)
    rx_fifo                                  0x20000bcc   Data         512  usart2.o(.bss)
    rx_fifo1                                 0x20000dcc   Data         512  usart2.o(.bss)
    cmd_tx_buff                              0x200011ce   Data         512  bcxx.o(.bss)
    membase                                  0x200013d0   Data       32768  malloc.o(.bss)
    memmapbase                               0x200093d0   Data        2048  malloc.o(.bss)
    AT_CommandBuf                            0x20009bd0   Data         208  at_protoco.o(.bss)
    msgid_list                               0x20009db8   Data         160  nbiot.o(.bss)
    insBitmap                                0x20009e58   Data          10  nbiot.o(.bss)
    _random_number_data                      0x20009e64   Data         228  rand.o(.bss)
    __libspace_start                         0x20009f48   Data          96  libspace.o(.bss)
    __temporary_stack_top$libspace           0x20009fa8   Data           0  libspace.o(.bss)



==============================================================================

Memory Map of the image

  Image Entry point : 0x08008131

  Load Region LR_IROM1 (Base: 0x08008000, Size: 0x0000d9e4, Max: 0x0001c000, ABSOLUTE, COMPRESSED[0x0000d71c])

    Execution Region ER_IROM1 (Base: 0x08008000, Size: 0x0000d5b0, Max: 0x0001c000, ABSOLUTE)

    Base Addr    Size         Type   Attr      Idx    E Section Name        Object

    0x08008000   0x00000130   Data   RO          967    RESET               startup_stm32f10x_hd.o
    0x08008130   0x00000008   Code   RO         6796  * !!!main             c_w.l(__main.o)
    0x08008138   0x00000034   Code   RO         7131    !!!scatter          c_w.l(__scatter.o)
    0x0800816c   0x0000005a   Code   RO         7129    !!dczerorl2         c_w.l(__dczerorl2.o)
    0x080081c6   0x00000002   PAD
    0x080081c8   0x0000001c   Code   RO         7133    !!handler_zi        c_w.l(__scatter_zi.o)
    0x080081e4   0x00000000   Code   RO         6768    .ARM.Collect$$_printf_percent$$00000000  c_w.l(_printf_percent.o)
    0x080081e4   0x00000006   Code   RO         6767    .ARM.Collect$$_printf_percent$$00000003  c_w.l(_printf_f.o)
    0x080081ea   0x00000006   Code   RO         6766    .ARM.Collect$$_printf_percent$$00000009  c_w.l(_printf_d.o)
    0x080081f0   0x00000006   Code   RO         6765    .ARM.Collect$$_printf_percent$$0000000C  c_w.l(_printf_x.o)
    0x080081f6   0x00000006   Code   RO         6764    .ARM.Collect$$_printf_percent$$00000014  c_w.l(_printf_s.o)
    0x080081fc   0x00000004   Code   RO         6885    .ARM.Collect$$_printf_percent$$00000017  c_w.l(_printf_percent_end.o)
    0x08008200   0x00000002   Code   RO         7054    .ARM.Collect$$libinit$$00000000  c_w.l(libinit.o)
    0x08008202   0x00000000   Code   RO         6888    .ARM.Collect$$libinit$$00000002  c_w.l(libinit2.o)
    0x08008202   0x00000000   Code   RO         6891    .ARM.Collect$$libinit$$00000008  c_w.l(libinit2.o)
    0x08008202   0x00000000   Code   RO         6893    .ARM.Collect$$libinit$$0000000A  c_w.l(libinit2.o)
    0x08008202   0x00000004   Code   RO         6894    .ARM.Collect$$libinit$$0000000B  c_w.l(libinit2.o)
    0x08008206   0x00000000   Code   RO         6895    .ARM.Collect$$libinit$$0000000C  c_w.l(libinit2.o)
    0x08008206   0x00000006   Code   RO         6896    .ARM.Collect$$libinit$$0000000D  c_w.l(libinit2.o)
    0x0800820c   0x00000000   Code   RO         6898    .ARM.Collect$$libinit$$0000000F  c_w.l(libinit2.o)
    0x0800820c   0x0000000c   Code   RO         6899    .ARM.Collect$$libinit$$00000010  c_w.l(libinit2.o)
    0x08008218   0x00000000   Code   RO         6900    .ARM.Collect$$libinit$$00000011  c_w.l(libinit2.o)
    0x08008218   0x00000000   Code   RO         6902    .ARM.Collect$$libinit$$00000013  c_w.l(libinit2.o)
    0x08008218   0x0000000a   Code   RO         6903    .ARM.Collect$$libinit$$00000014  c_w.l(libinit2.o)
    0x08008222   0x00000000   Code   RO         6904    .ARM.Collect$$libinit$$00000015  c_w.l(libinit2.o)
    0x08008222   0x00000000   Code   RO         6906    .ARM.Collect$$libinit$$00000017  c_w.l(libinit2.o)
    0x08008222   0x00000000   Code   RO         6908    .ARM.Collect$$libinit$$00000019  c_w.l(libinit2.o)
    0x08008222   0x00000000   Code   RO         6910    .ARM.Collect$$libinit$$0000001B  c_w.l(libinit2.o)
    0x08008222   0x00000000   Code   RO         6912    .ARM.Collect$$libinit$$0000001D  c_w.l(libinit2.o)
    0x08008222   0x00000000   Code   RO         6914    .ARM.Collect$$libinit$$0000001F  c_w.l(libinit2.o)
    0x08008222   0x00000000   Code   RO         6916    .ARM.Collect$$libinit$$00000021  c_w.l(libinit2.o)
    0x08008222   0x00000000   Code   RO         6918    .ARM.Collect$$libinit$$00000023  c_w.l(libinit2.o)
    0x08008222   0x00000000   Code   RO         6922    .ARM.Collect$$libinit$$0000002A  c_w.l(libinit2.o)
    0x08008222   0x00000000   Code   RO         6924    .ARM.Collect$$libinit$$0000002C  c_w.l(libinit2.o)
    0x08008222   0x00000000   Code   RO         6926    .ARM.Collect$$libinit$$0000002E  c_w.l(libinit2.o)
    0x08008222   0x00000000   Code   RO         6928    .ARM.Collect$$libinit$$00000030  c_w.l(libinit2.o)
    0x08008222   0x00000002   Code   RO         6929    .ARM.Collect$$libinit$$00000031  c_w.l(libinit2.o)
    0x08008224   0x00000002   Code   RO         7091    .ARM.Collect$$libshutdown$$00000000  c_w.l(libshutdown.o)
    0x08008226   0x00000000   Code   RO         7098    .ARM.Collect$$libshutdown$$00000003  c_w.l(libshutdown2.o)
    0x08008226   0x00000000   Code   RO         7101    .ARM.Collect$$libshutdown$$00000006  c_w.l(libshutdown2.o)
    0x08008226   0x00000000   Code   RO         7104    .ARM.Collect$$libshutdown$$00000009  c_w.l(libshutdown2.o)
    0x08008226   0x00000000   Code   RO         7106    .ARM.Collect$$libshutdown$$0000000B  c_w.l(libshutdown2.o)
    0x08008226   0x00000000   Code   RO         7109    .ARM.Collect$$libshutdown$$0000000E  c_w.l(libshutdown2.o)
    0x08008226   0x00000002   Code   RO         7110    .ARM.Collect$$libshutdown$$0000000F  c_w.l(libshutdown2.o)
    0x08008228   0x00000000   Code   RO         6868    .ARM.Collect$$rtentry$$00000000  c_w.l(rtentry.o)
    0x08008228   0x00000000   Code   RO         6959    .ARM.Collect$$rtentry$$00000002  c_w.l(rtentry2.o)
    0x08008228   0x00000006   Code   RO         6971    .ARM.Collect$$rtentry$$00000004  c_w.l(rtentry4.o)
    0x0800822e   0x00000000   Code   RO         6961    .ARM.Collect$$rtentry$$00000009  c_w.l(rtentry2.o)
    0x0800822e   0x00000004   Code   RO         6962    .ARM.Collect$$rtentry$$0000000A  c_w.l(rtentry2.o)
    0x08008232   0x00000000   Code   RO         6964    .ARM.Collect$$rtentry$$0000000C  c_w.l(rtentry2.o)
    0x08008232   0x00000008   Code   RO         6965    .ARM.Collect$$rtentry$$0000000D  c_w.l(rtentry2.o)
    0x0800823a   0x00000002   Code   RO         7061    .ARM.Collect$$rtexit$$00000000  c_w.l(rtexit.o)
    0x0800823c   0x00000000   Code   RO         7073    .ARM.Collect$$rtexit$$00000002  c_w.l(rtexit2.o)
    0x0800823c   0x00000004   Code   RO         7074    .ARM.Collect$$rtexit$$00000003  c_w.l(rtexit2.o)
    0x08008240   0x00000006   Code   RO         7075    .ARM.Collect$$rtexit$$00000004  c_w.l(rtexit2.o)
    0x08008246   0x00000002   PAD
    0x08008248   0x000000a2   Code   RO         5747    .emb_text           port.o
    0x080082ea   0x00000002   PAD
    0x080082ec   0x00000034   Code   RO         6769    .emb_text           c_w.l(rand.o)
    0x08008320   0x00000040   Code   RO          968    .text               startup_stm32f10x_hd.o
    0x08008360   0x00000002   Code   RO         6703    .text               c_w.l(use_no_semi_2.o)
    0x08008362   0x0000001e   Code   RO         6705    .text               c_w.l(toupper.o)
    0x08008380   0x00000018   Code   RO         6711    .text               c_w.l(noretval__2printf.o)
    0x08008398   0x00000028   Code   RO         6713    .text               c_w.l(noretval__2sprintf.o)
    0x080083c0   0x00000052   Code   RO         6717    .text               c_w.l(_printf_pad.o)
    0x08008412   0x00000052   Code   RO         6719    .text               c_w.l(_printf_str.o)
    0x08008464   0x00000078   Code   RO         6721    .text               c_w.l(_printf_dec.o)
    0x080084dc   0x0000005c   Code   RO         6726    .text               c_w.l(_printf_hex_int.o)
    0x08008538   0x0000013c   Code   RO         6756    .text               c_w.l(__printf_flags_wp.o)
    0x08008674   0x0000003c   Code   RO         6770    .text               c_w.l(rand.o)
    0x080086b0   0x00000024   Code   RO         6774    .text               c_w.l(strstr.o)
    0x080086d4   0x00000058   Code   RO         6776    .text               c_w.l(memcmp.o)
    0x0800872c   0x0000003e   Code   RO         6778    .text               c_w.l(strlen.o)
    0x0800876a   0x00000018   Code   RO         6780    .text               c_w.l(strcat.o)
    0x08008782   0x0000008a   Code   RO         6782    .text               c_w.l(rt_memcpy_v6.o)
    0x0800880c   0x00000064   Code   RO         6784    .text               c_w.l(rt_memcpy_w.o)
    0x08008870   0x00000010   Code   RO         6786    .text               c_w.l(aeabi_memset.o)
    0x08008880   0x00000044   Code   RO         6788    .text               c_w.l(rt_memclr.o)
    0x080088c4   0x0000004e   Code   RO         6790    .text               c_w.l(rt_memclr_w.o)
    0x08008912   0x00000002   PAD
    0x08008914   0x000001a4   Code   RO         6792    .text               c_w.l(mktime.o)
    0x08008ab8   0x00000006   Code   RO         6794    .text               c_w.l(heapauxi.o)
    0x08008abe   0x00000002   Code   RO         6866    .text               c_w.l(use_no_semi.o)
    0x08008ac0   0x00000010   Code   RO         6869    .text               c_w.l(rt_ctype_table.o)
    0x08008ad0   0x00000016   Code   RO         6871    .text               c_w.l(_rserrno.o)
    0x08008ae6   0x000000b8   Code   RO         6873    .text               c_w.l(_printf_intcommon.o)
    0x08008b9e   0x00000420   Code   RO         6875    .text               c_w.l(_printf_fp_dec.o)
    0x08008fbe   0x00000002   PAD
    0x08008fc0   0x00000030   Code   RO         6877    .text               c_w.l(_printf_char_common.o)
    0x08008ff0   0x0000000a   Code   RO         6879    .text               c_w.l(_sputc.o)
    0x08008ffa   0x0000002c   Code   RO         6881    .text               c_w.l(_printf_char.o)
    0x08009026   0x00000002   PAD
    0x08009028   0x00000024   Code   RO         6883    .text               c_w.l(_printf_char_file.o)
    0x0800904c   0x00000008   Code   RO         6976    .text               c_w.l(rt_locale_intlibspace.o)
    0x08009054   0x00000008   Code   RO         6981    .text               c_w.l(rt_errno_addr_intlibspace.o)
    0x0800905c   0x0000008a   Code   RO         6983    .text               c_w.l(lludiv10.o)
    0x080090e6   0x00000002   PAD
    0x080090e8   0x00000080   Code   RO         6985    .text               c_w.l(_printf_fp_infnan.o)
    0x08009168   0x000000e4   Code   RO         6989    .text               c_w.l(bigflt0.o)
    0x0800924c   0x00000008   Code   RO         7014    .text               c_w.l(ferror.o)
    0x08009254   0x00000008   Code   RO         7036    .text               c_w.l(libspace.o)
    0x0800925c   0x0000004a   Code   RO         7039    .text               c_w.l(sys_stackheap_outer.o)
    0x080092a6   0x0000000c   Code   RO         7041    .text               c_w.l(exit.o)
    0x080092b2   0x00000002   PAD
    0x080092b4   0x00000080   Code   RO         7043    .text               c_w.l(strcmpv7m.o)
    0x08009334   0x0000003e   Code   RO         6992    CL$$btod_d2e        c_w.l(btod.o)
    0x08009372   0x00000046   Code   RO         6994    CL$$btod_d2e_denorm_low  c_w.l(btod.o)
    0x080093b8   0x00000060   Code   RO         6993    CL$$btod_d2e_norm_op1  c_w.l(btod.o)
    0x08009418   0x00000338   Code   RO         7002    CL$$btod_div_common  c_w.l(btod.o)
    0x08009750   0x000000c6   Code   RO         6999    CL$$btod_e2e        c_w.l(btod.o)
    0x08009816   0x00000028   Code   RO         6996    CL$$btod_ediv       c_w.l(btod.o)
    0x0800983e   0x00000028   Code   RO         6995    CL$$btod_emul       c_w.l(btod.o)
    0x08009866   0x00000244   Code   RO         7001    CL$$btod_mult_common  c_w.l(btod.o)
    0x08009aaa   0x00000004   Code   RO         1513    i.AT24CXX_Init      24cxx.o
    0x08009aae   0x00000002   PAD
    0x08009ab0   0x00000074   Code   RO         1516    i.AT24CXX_ReadOneByte  24cxx.o
    0x08009b24   0x0000002a   Code   RO         1518    i.AT24CXX_WriteLenByte  24cxx.o
    0x08009b4e   0x00000002   PAD
    0x08009b50   0x00000094   Code   RO         1519    i.AT24CXX_WriteOneByte  24cxx.o
    0x08009be4   0x000000c8   Code   RO         5350    i.AT_CommandAPN     at_protoco.o
    0x08009cac   0x00000038   Code   RO         5351    i.AT_CommandCSQ     at_protoco.o
    0x08009ce4   0x0000011c   Code   RO         5352    i.AT_CommandDEVID   at_protoco.o
    0x08009e00   0x000000d8   Code   RO         5353    i.AT_CommandDEVNAME  at_protoco.o
    0x08009ed8   0x000000d0   Code   RO         5354    i.AT_CommandDOMAIN  at_protoco.o
    0x08009fa8   0x000002a4   Code   RO         5355    i.AT_CommandDataAnalysis  at_protoco.o
    0x0800a24c   0x0000006c   Code   RO         5356    i.AT_CommandGMR     at_protoco.o
    0x0800a2b8   0x00000048   Code   RO         5357    i.AT_CommandGPS     at_protoco.o
    0x0800a300   0x0000004c   Code   RO         5358    i.AT_CommandHUMI    at_protoco.o
    0x0800a34c   0x000000c4   Code   RO         5359    i.AT_CommandINCL    at_protoco.o
    0x0800a410   0x00000050   Code   RO         5360    i.AT_CommandINCURRENT  at_protoco.o
    0x0800a460   0x00000088   Code   RO         5361    i.AT_CommandINTFC   at_protoco.o
    0x0800a4e8   0x00000050   Code   RO         5362    i.AT_CommandINVOLTAGE  at_protoco.o
    0x0800a538   0x000000d4   Code   RO         5363    i.AT_CommandIPADDRESS  at_protoco.o
    0x0800a60c   0x000004f0   Code   RO         5364    i.AT_CommandInit    at_protoco.o
    0x0800aafc   0x00000050   Code   RO         5365    i.AT_CommandLUMEN   at_protoco.o
    0x0800ab4c   0x00000074   Code   RO         5366    i.AT_CommandMODE    at_protoco.o
    0x0800abc0   0x00000088   Code   RO         5367    i.AT_CommandOPERATORS  at_protoco.o
    0x0800ac48   0x00000050   Code   RO         5368    i.AT_CommandOUTCURRENT  at_protoco.o
    0x0800ac98   0x00000050   Code   RO         5369    i.AT_CommandOUTVOLTAGE  at_protoco.o
    0x0800ace8   0x000000bc   Code   RO         5370    i.AT_CommandPERCENT  at_protoco.o
    0x0800ada4   0x000000d4   Code   RO         5371    i.AT_CommandPORT    at_protoco.o
    0x0800ae78   0x00000080   Code   RO         5372    i.AT_CommandPWRCTL  at_protoco.o
    0x0800aef8   0x0000004c   Code   RO         5374    i.AT_CommandTEMP    at_protoco.o
    0x0800af44   0x00000068   Code   RO         5375    i.AT_CommandTIME    at_protoco.o
    0x0800afac   0x000000b4   Code   RO         5376    i.AT_CommandTIMEOFFSET  at_protoco.o
    0x0800b060   0x000000c4   Code   RO         5377    i.AT_CommandUUID    at_protoco.o
    0x0800b124   0x00000050   Code   RO          631    i.AppObjCreate      rtos_task.o
    0x0800b174   0x000000e4   Code   RO          632    i.AppTaskCreate     rtos_task.o
    0x0800b258   0x0000003c   Code   RO         2051    i.Att7059xGetChannel1PowerP  att7059x.o
    0x0800b294   0x0000003c   Code   RO         2052    i.Att7059xGetChannel1PowerQ  att7059x.o
    0x0800b2d0   0x0000003c   Code   RO         2053    i.Att7059xGetChannel1PowerS  att7059x.o
    0x0800b30c   0x0000003c   Code   RO         2054    i.Att7059xGetCurrent1  att7059x.o
    0x0800b348   0x00000030   Code   RO         2056    i.Att7059xGetEnergyP  att7059x.o
    0x0800b378   0x00000030   Code   RO         2057    i.Att7059xGetEnergyQ  att7059x.o
    0x0800b3a8   0x00000030   Code   RO         2058    i.Att7059xGetEnergyS  att7059x.o
    0x0800b3d8   0x0000003c   Code   RO         2060    i.Att7059xGetVoltage  att7059x.o
    0x0800b414   0x00000034   Code   RO         2062    i.Att7059xGetVoltageFreq  att7059x.o
    0x0800b448   0x000000a4   Code   RO         2063    i.Att7059xReadOperate  att7059x.o
    0x0800b4ec   0x00000224   Code   RO          879    i.AutoLoopRegularTimeGroups  task_main.o
    0x0800b710   0x00000012   Code   RO         2493    i.BKP_DeInit        stm32f10x_bkp.o
    0x0800b722   0x00000002   PAD
    0x0800b724   0x00000010   Code   RO         2498    i.BKP_ReadBackupRegister  stm32f10x_bkp.o
    0x0800b734   0x00000010   Code   RO         2502    i.BKP_WriteBackupRegister  stm32f10x_bkp.o
    0x0800b744   0x00000002   Code   RO          909    i.BusFault_Handler  stm32f10x_it.o
    0x0800b746   0x00000002   PAD
    0x0800b748   0x0000002c   Code   RO         2215    i.CD4051B_Init      cd4051b.o
    0x0800b774   0x00000030   Code   RO          245    i.CRC16             common.o
    0x0800b7a4   0x0000001c   Code   RO         2065    i.CalAtt7059CheckSum  att7059x.o
    0x0800b7c0   0x00000028   Code   RO         5551    i.ControlDeviceReset  net_protocol.o
    0x0800b7e8   0x0000003c   Code   RO         5552    i.ControlLightLevel  net_protocol.o
    0x0800b824   0x00000036   Code   RO          248    i.CopyStrToPointer  common.o
    0x0800b85a   0x00000002   PAD
    0x0800b85c   0x00000064   Code   RO         1495    i.DAC1_Init         dac.o
    0x0800b8c0   0x00000018   Code   RO         2856    i.DAC_Cmd           stm32f10x_dac.o
    0x0800b8d8   0x00000028   Code   RO         2861    i.DAC_Init          stm32f10x_dac.o
    0x0800b900   0x00000014   Code   RO         2862    i.DAC_SetChannel1Data  stm32f10x_dac.o
    0x0800b914   0x0000003c   Code   RO         1496    i.Dac1SetOutPutVoltage  dac.o
    0x0800b950   0x00000002   Code   RO          910    i.DebugMon_Handler  stm32f10x_it.o
    0x0800b952   0x00000020   Code   RO         2149    i.EXTI15_10_IRQHandler  dali.o
    0x0800b972   0x00000002   PAD
    0x0800b974   0x0000000c   Code   RO         3031    i.EXTI_ClearITPendingBit  stm32f10x_exti.o
    0x0800b980   0x00000020   Code   RO         3035    i.EXTI_GetITStatus  stm32f10x_exti.o
    0x0800b9a0   0x00000070   Code   RO         3036    i.EXTI_Init         stm32f10x_exti.o
    0x0800ba10   0x00000098   Code   RO         3382    i.GPIO_Init         stm32f10x_gpio.o
    0x0800baa8   0x00000058   Code   RO         3384    i.GPIO_PinRemapConfig  stm32f10x_gpio.o
    0x0800bb00   0x0000000e   Code   RO         3386    i.GPIO_ReadInputDataBit  stm32f10x_gpio.o
    0x0800bb0e   0x00000004   Code   RO         3389    i.GPIO_ResetBits    stm32f10x_gpio.o
    0x0800bb12   0x00000004   Code   RO         3390    i.GPIO_SetBits      stm32f10x_gpio.o
    0x0800bb16   0x00000024   Code   RO          249    i.GetADV            common.o
    0x0800bb3a   0x00000002   PAD
    0x0800bb3c   0x00000020   Code   RO          250    i.GetAPN            common.o
    0x0800bb5c   0x00000016   Code   RO          251    i.GetDatBit         common.o
    0x0800bb72   0x00000002   PAD
    0x0800bb74   0x00000020   Code   RO          252    i.GetDeviceICCID    common.o
    0x0800bb94   0x00000020   Code   RO          253    i.GetDeviceID       common.o
    0x0800bbb4   0x00000020   Code   RO          254    i.GetDeviceIMSI     common.o
    0x0800bbd4   0x00000020   Code   RO          255    i.GetDeviceName     common.o
    0x0800bbf4   0x00000020   Code   RO          256    i.GetDeviceUUID     common.o
    0x0800bc14   0x000000bc   Code   RO          257    i.GetMemoryForString  common.o
    0x0800bcd0   0x00000020   Code   RO          258    i.GetServerDomain   common.o
    0x0800bcf0   0x00000020   Code   RO          259    i.GetServerIP       common.o
    0x0800bd10   0x00000020   Code   RO          260    i.GetServerPort     common.o
    0x0800bd30   0x0000000c   Code   RO          264    i.GetSysTick1s      common.o
    0x0800bd3c   0x00000020   Code   RO          911    i.HardFault_Handler  stm32f10x_it.o
    0x0800bd5c   0x00000050   Code   RO         1108    i.IIC1_Ack          iic1.o
    0x0800bdac   0x00000040   Code   RO         1109    i.IIC1_Init         iic1.o
    0x0800bdec   0x00000050   Code   RO         1110    i.IIC1_NAck         iic1.o
    0x0800be3c   0x00000074   Code   RO         1111    i.IIC1_Read_Byte    iic1.o
    0x0800beb0   0x00000074   Code   RO         1112    i.IIC1_Send_Byte    iic1.o
    0x0800bf24   0x00000050   Code   RO         1113    i.IIC1_Start        iic1.o
    0x0800bf74   0x00000050   Code   RO         1114    i.IIC1_Stop         iic1.o
    0x0800bfc4   0x0000006c   Code   RO         1115    i.IIC1_Wait_Ack     iic1.o
    0x0800c030   0x00000010   Code   RO         3694    i.IWDG_Enable       stm32f10x_iwdg.o
    0x0800c040   0x00000004   Code   RO         1084    i.IWDG_Feed         sys.o
    0x0800c044   0x00000026   Code   RO         1085    i.IWDG_Init         sys.o
    0x0800c06a   0x00000002   PAD
    0x0800c06c   0x00000010   Code   RO         3696    i.IWDG_ReloadCounter  stm32f10x_iwdg.o
    0x0800c07c   0x0000000c   Code   RO         3697    i.IWDG_SetPrescaler  stm32f10x_iwdg.o
    0x0800c088   0x0000000c   Code   RO         3698    i.IWDG_SetReload    stm32f10x_iwdg.o
    0x0800c094   0x0000000c   Code   RO         3699    i.IWDG_WriteAccessCmd  stm32f10x_iwdg.o
    0x0800c0a0   0x00000048   Code   RO          266    i.IntToString       common.o
    0x0800c0e8   0x0000016c   Code   RO         1660    i.InventrGetOutPutCurrent  inventr.o
    0x0800c254   0x0000016c   Code   RO         1661    i.InventrGetOutPutVoltage  inventr.o
    0x0800c3c0   0x0000011c   Code   RO         1662    i.InventrSetLightLevel  inventr.o
    0x0800c4dc   0x00000026   Code   RO         1219    i.Is_Leap_Year      rtc.o
    0x0800c502   0x00000002   PAD
    0x0800c504   0x00000034   Code   RO         1647    i.LED_Init          led.o
    0x0800c538   0x00000002   Code   RO          912    i.MemManage_Handler  stm32f10x_it.o
    0x0800c53a   0x0000003c   Code   RO          267    i.MyStrstr          common.o
    0x0800c576   0x00000002   Code   RO          913    i.NMI_Handler       stm32f10x_it.o
    0x0800c578   0x000000d8   Code   RO         1086    i.NVIC_Configuration  sys.o
    0x0800c650   0x00000064   Code   RO         2233    i.NVIC_Init         misc.o
    0x0800c6b4   0x00000014   Code   RO         2234    i.NVIC_PriorityGroupConfig  misc.o
    0x0800c6c8   0x0000000c   Code   RO         2033    i.PWMSetLightLevel  pwm.o
    0x0800c6d4   0x0000000c   Code   RO         3736    i.PWR_BackupAccessCmd  stm32f10x_pwr.o
    0x0800c6e0   0x0000005c   Code   RO         5378    i.PackAT_CommandRespone  at_protoco.o
    0x0800c73c   0x00000018   Code   RO         3798    i.RCC_APB1PeriphClockCmd  stm32f10x_rcc.o
    0x0800c754   0x00000018   Code   RO         3799    i.RCC_APB1PeriphResetCmd  stm32f10x_rcc.o
    0x0800c76c   0x00000018   Code   RO         3800    i.RCC_APB2PeriphClockCmd  stm32f10x_rcc.o
    0x0800c784   0x00000018   Code   RO         3801    i.RCC_APB2PeriphResetCmd  stm32f10x_rcc.o
    0x0800c79c   0x0000000c   Code   RO         3803    i.RCC_BackupResetCmd  stm32f10x_rcc.o
    0x0800c7a8   0x00000094   Code   RO         3808    i.RCC_GetClocksFreq  stm32f10x_rcc.o
    0x0800c83c   0x00000030   Code   RO         3809    i.RCC_GetFlagStatus  stm32f10x_rcc.o
    0x0800c86c   0x00000020   Code   RO         3816    i.RCC_LSEConfig     stm32f10x_rcc.o
    0x0800c88c   0x0000000c   Code   RO         3823    i.RCC_RTCCLKCmd     stm32f10x_rcc.o
    0x0800c898   0x00000010   Code   RO         3824    i.RCC_RTCCLKConfig  stm32f10x_rcc.o
    0x0800c8a8   0x00000034   Code   RO         1664    i.RELAY_Init        inventr.o
    0x0800c8dc   0x00000010   Code   RO         3997    i.RTC_ClearITPendingBit  stm32f10x_rtc.o
    0x0800c8ec   0x00000010   Code   RO         3998    i.RTC_EnterConfigMode  stm32f10x_rtc.o
    0x0800c8fc   0x00000010   Code   RO         3999    i.RTC_ExitConfigMode  stm32f10x_rtc.o
    0x0800c90c   0x000000cc   Code   RO         1220    i.RTC_Get           rtc.o
    0x0800c9d8   0x00000014   Code   RO         4000    i.RTC_GetCounter    stm32f10x_rtc.o
    0x0800c9ec   0x00000020   Code   RO         4003    i.RTC_GetITStatus   stm32f10x_rtc.o
    0x0800ca0c   0x0000004c   Code   RO         1221    i.RTC_Get_Week      rtc.o
    0x0800ca58   0x0000001c   Code   RO         1222    i.RTC_IRQHandler    rtc.o
    0x0800ca74   0x00000018   Code   RO         4004    i.RTC_ITConfig      stm32f10x_rtc.o
    0x0800ca8c   0x000000d6   Code   RO         1223    i.RTC_Init          rtc.o
    0x0800cb62   0x00000002   PAD
    0x0800cb64   0x000000d0   Code   RO         1224    i.RTC_Set           rtc.o
    0x0800cc34   0x00000020   Code   RO         4006    i.RTC_SetCounter    stm32f10x_rtc.o
    0x0800cc54   0x00000020   Code   RO         4007    i.RTC_SetPrescaler  stm32f10x_rtc.o
    0x0800cc74   0x00000010   Code   RO         4008    i.RTC_WaitForLastTask  stm32f10x_rtc.o
    0x0800cc84   0x00000018   Code   RO         4009    i.RTC_WaitForSynchro  stm32f10x_rtc.o
    0x0800cc9c   0x00000044   Code   RO          268    i.ReadAPN           common.o
    0x0800cce0   0x00000068   Code   RO          269    i.ReadBootLoaderVersion  common.o
    0x0800cd48   0x0000004c   Code   RO          270    i.ReadDataFromEepromToHoldBuf  common.o
    0x0800cd94   0x00000040   Code   RO          272    i.ReadDeviceID      common.o
    0x0800cdd4   0x00000044   Code   RO          274    i.ReadDeviceName    common.o
    0x0800ce18   0x00000054   Code   RO          275    i.ReadDeviceUUID    common.o
    0x0800ce6c   0x00000068   Code   RO          276    i.ReadHardWareVersion  common.o
    0x0800ced4   0x00000050   Code   RO          278    i.ReadOTAInfo       common.o
    0x0800cf24   0x0000002c   Code   RO          279    i.ReadOperators     common.o
    0x0800cf50   0x0000004c   Code   RO          280    i.ReadParametersFromEEPROM  common.o
    0x0800cf9c   0x0000002c   Code   RO          281    i.ReadPowerINTFCC   common.o
    0x0800cfc8   0x00000128   Code   RO          282    i.ReadRegularTimeGroups  common.o
    0x0800d0f0   0x00000054   Code   RO          283    i.ReadServerDomain  common.o
    0x0800d144   0x00000050   Code   RO          284    i.ReadServerIP      common.o
    0x0800d194   0x00000044   Code   RO          285    i.ReadServerPort    common.o
    0x0800d1d8   0x00000038   Code   RO          286    i.ReadSoftWareVersion  common.o
    0x0800d210   0x0000002c   Code   RO          288    i.ReadTimeZone      common.o
    0x0800d23c   0x0000003c   Code   RO          289    i.ReadUpLoadINVL    common.o
    0x0800d278   0x000000b8   Code   RO          290    i.RegularTimeGroupAdd  common.o
    0x0800d330   0x000000ec   Code   RO          291    i.RegularTimeGroupSub  common.o
    0x0800d41c   0x00000026   Code   RO          292    i.RemoveAllStrategy  common.o
    0x0800d442   0x00000002   PAD
    0x0800d444   0x000000c8   Code   RO         1717    i.SendCmd           at_cmd.o
    0x0800d50c   0x0000006c   Code   RO         1718    i.SentData          at_cmd.o
    0x0800d578   0x00000040   Code   RO         5553    i.SetDevicePowerIntfc  net_protocol.o
    0x0800d5b8   0x00000030   Code   RO         5554    i.SetDeviceUUID     net_protocol.o
    0x0800d5e8   0x0000004c   Code   RO         5555    i.SetDeviceUpLoadINCL  net_protocol.o
    0x0800d634   0x00000040   Code   RO         5556    i.SetDeviceWorkMode  net_protocol.o
    0x0800d674   0x00000084   Code   RO         1665    i.SetLightLevel     inventr.o
    0x0800d6f8   0x0000017c   Code   RO         5557    i.SetRegularTimeGroups  net_protocol.o
    0x0800d874   0x000000a8   Code   RO          972    i.SetSysClockTo72   system_stm32f10x.o
    0x0800d91c   0x0000000c   Code   RO          293    i.SetSysTick1s      common.o
    0x0800d928   0x0000010c   Code   RO         5558    i.SetUpdateFirmWareInfo  net_protocol.o
    0x0800da34   0x0000004c   Code   RO          294    i.StrToHex          common.o
    0x0800da80   0x00000054   Code   RO          295    i.StringToInt       common.o
    0x0800dad4   0x000000e0   Code   RO          796    i.SyncDataTimeFormBcxxModule  task_net.o
    0x0800dbb4   0x000000d4   Code   RO         1225    i.SyncTimeFromNet   rtc.o
    0x0800dc88   0x00000010   Code   RO          296    i.SysTick100msAdder  common.o
    0x0800dc98   0x00000010   Code   RO          297    i.SysTick10msAdder  common.o
    0x0800dca8   0x00000010   Code   RO          298    i.SysTick1msAdder   common.o
    0x0800dcb8   0x00000018   Code   RO         2237    i.SysTick_CLKSourceConfig  misc.o
    0x0800dcd0   0x0000001c   Code   RO         1001    i.SysTick_Handler   delay.o
    0x0800dcec   0x00000050   Code   RO          974    i.SystemInit        system_stm32f10x.o
    0x0800dd3c   0x0000004c   Code   RO         1275    i.TIM2_IRQHandler   usart.o
    0x0800dd88   0x00000040   Code   RO         1276    i.TIM2_Init         usart.o
    0x0800ddc8   0x00000098   Code   RO         2034    i.TIM5_Int_Init     pwm.o
    0x0800de60   0x00000014   Code   RO         4417    i.TIM_ARRPreloadConfig  stm32f10x_tim.o
    0x0800de74   0x00000006   Code   RO         4424    i.TIM_ClearITPendingBit  stm32f10x_tim.o
    0x0800de7a   0x00000014   Code   RO         4429    i.TIM_Cmd           stm32f10x_tim.o
    0x0800de8e   0x00000016   Code   RO         4431    i.TIM_CtrlPWMOutputs  stm32f10x_tim.o
    0x0800dea4   0x00000018   Code   RO         4450    i.TIM_GetITStatus   stm32f10x_tim.o
    0x0800debc   0x00000010   Code   RO         4454    i.TIM_ITConfig      stm32f10x_tim.o
    0x0800decc   0x00000080   Code   RO         4463    i.TIM_OC2Init       stm32f10x_tim.o
    0x0800df4c   0x00000014   Code   RO         4466    i.TIM_OC2PreloadConfig  stm32f10x_tim.o
    0x0800df60   0x00000004   Code   RO         4491    i.TIM_SetCompare2   stm32f10x_tim.o
    0x0800df64   0x0000009c   Code   RO         4500    i.TIM_TimeBaseInit  stm32f10x_tim.o
    0x0800e000   0x00000098   Code   RO         1277    i.UART4_IRQHandler  usart.o
    0x0800e098   0x00000098   Code   RO         1278    i.UART4_Init        usart.o
    0x0800e130   0x00000098   Code   RO         1279    i.UART5_IRQHandler  usart.o
    0x0800e1c8   0x000000e4   Code   RO         1280    i.UART5_Init        usart.o
    0x0800e2ac   0x00000098   Code   RO         1281    i.USART1_IRQHandler  usart.o
    0x0800e344   0x00000094   Code   RO         1282    i.USART1_Init       usart.o
    0x0800e3d8   0x000000f4   Code   RO         1438    i.USART2_IRQHandler  usart2.o
    0x0800e4cc   0x000000ec   Code   RO         1439    i.USART2_Init       usart2.o
    0x0800e5b8   0x00000044   Code   RO         1440    i.USART2_Write      usart2.o
    0x0800e5fc   0x00000098   Code   RO         1283    i.USART3_IRQHandler  usart.o
    0x0800e694   0x0000009c   Code   RO         1284    i.USART3_Init       usart.o
    0x0800e730   0x00000006   Code   RO         4948    i.USART_ClearFlag   stm32f10x_usart.o
    0x0800e736   0x00000014   Code   RO         4952    i.USART_Cmd         stm32f10x_usart.o
    0x0800e74a   0x00000002   PAD
    0x0800e74c   0x00000074   Code   RO         4954    i.USART_DeInit      stm32f10x_usart.o
    0x0800e7c0   0x0000000e   Code   RO         4955    i.USART_GetFlagStatus  stm32f10x_usart.o
    0x0800e7ce   0x0000003e   Code   RO         4956    i.USART_GetITStatus  stm32f10x_usart.o
    0x0800e80c   0x00000030   Code   RO         4958    i.USART_ITConfig    stm32f10x_usart.o
    0x0800e83c   0x000000b4   Code   RO         4959    i.USART_Init        stm32f10x_usart.o
    0x0800e8f0   0x00000008   Code   RO         4966    i.USART_ReceiveData  stm32f10x_usart.o
    0x0800e8f8   0x00000008   Code   RO         4969    i.USART_SendData    stm32f10x_usart.o
    0x0800e900   0x00000002   Code   RO          914    i.UsageFault_Handler  stm32f10x_it.o
    0x0800e902   0x00000002   PAD
    0x0800e904   0x00000050   Code   RO         1285    i.Usart1FrameSend   usart.o
    0x0800e954   0x00000024   Code   RO         1286    i.Usart1ReciveFrameEnd  usart.o
    0x0800e978   0x00000050   Code   RO         1287    i.Usart3FrameSend   usart.o
    0x0800e9c8   0x00000024   Code   RO         1288    i.Usart3ReciveFrameEnd  usart.o
    0x0800e9ec   0x00000050   Code   RO         1289    i.Usart4FrameSend   usart.o
    0x0800ea3c   0x00000024   Code   RO         1290    i.Usart4ReciveFrameEnd  usart.o
    0x0800ea60   0x0000005c   Code   RO         1291    i.Usart5FrameSend   usart.o
    0x0800eabc   0x00000024   Code   RO         1292    i.Usart5ReciveFrameEnd  usart.o
    0x0800eae0   0x00000068   Code   RO         1293    i.UsartSendString   usart.o
    0x0800eb48   0x00000038   Code   RO          299    i.WriteDataFromHoldBufToEeprom  common.o
    0x0800eb80   0x00000080   Code   RO          300    i.WriteOTAInfo      common.o
    0x0800ec00   0x00000028   Code   RO         6945    i.__ARM_fpclassify  m_ws.l(fpclassify.o)
    0x0800ec28   0x000000aa   Code   RO         6947    i.__kernel_poly     m_ws.l(poly.o)
    0x0800ecd2   0x00000002   PAD
    0x0800ecd4   0x00000010   Code   RO         6943    i.__mathlib_dbl_underflow  m_ws.l(dunder.o)
    0x0800ece4   0x0000000e   Code   RO         6754    i._is_digit         c_w.l(__printf_wp.o)
    0x0800ecf2   0x00000002   Code   RO         1294    i._sys_exit         usart.o
    0x0800ecf4   0x0000038c   Code   RO          797    i.add_object_resource  task_net.o
    0x0800f080   0x000000e8   Code   RO         1747    i.bcxx_addobj       bcxx.o
    0x0800f168   0x00000044   Code   RO         1748    i.bcxx_close_request  bcxx.o
    0x0800f1ac   0x0000003c   Code   RO         1749    i.bcxx_create       bcxx.o
    0x0800f1e8   0x00000030   Code   RO         1750    i.bcxx_delinstance  bcxx.o
    0x0800f218   0x00000068   Code   RO         1751    i.bcxx_delobj       bcxx.o
    0x0800f280   0x000000b8   Code   RO         1752    i.bcxx_discover_rsp  bcxx.o
    0x0800f338   0x00000080   Code   RO         1753    i.bcxx_execute_rsp  bcxx.o
    0x0800f3b8   0x00000068   Code   RO         1754    i.bcxx_get_AT_CCLK  bcxx.o
    0x0800f420   0x000000a4   Code   RO         1756    i.bcxx_get_AT_CGSN  bcxx.o
    0x0800f4c4   0x00000088   Code   RO         1757    i.bcxx_get_AT_CIMI  bcxx.o
    0x0800f54c   0x00000084   Code   RO         1758    i.bcxx_get_AT_CSQ   bcxx.o
    0x0800f5d0   0x00000090   Code   RO         1759    i.bcxx_get_AT_NCCID  bcxx.o
    0x0800f660   0x00000058   Code   RO         1760    i.bcxx_hard_init    bcxx.o
    0x0800f6b8   0x00000054   Code   RO         1761    i.bcxx_hard_reset   bcxx.o
    0x0800f70c   0x0000017c   Code   RO         1762    i.bcxx_notify_upload  bcxx.o
    0x0800f888   0x00000190   Code   RO         1764    i.bcxx_read_upload  bcxx.o
    0x0800fa18   0x00000048   Code   RO         1765    i.bcxx_register_request  bcxx.o
    0x0800fa60   0x0000007c   Code   RO         1766    i.bcxx_register_update  bcxx.o
    0x0800fadc   0x00000038   Code   RO         1767    i.bcxx_set_AT_ATE   bcxx.o
    0x0800fb14   0x00000044   Code   RO         1768    i.bcxx_set_AT_CEDRXS  bcxx.o
    0x0800fb58   0x0000003c   Code   RO         1769    i.bcxx_set_AT_CELL_RESELECTION  bcxx.o
    0x0800fb94   0x00000040   Code   RO         1770    i.bcxx_set_AT_CEREG  bcxx.o
    0x0800fbd4   0x00000044   Code   RO         1771    i.bcxx_set_AT_CFUN  bcxx.o
    0x0800fc18   0x00000040   Code   RO         1772    i.bcxx_set_AT_CGATT  bcxx.o
    0x0800fc58   0x00000040   Code   RO         1773    i.bcxx_set_AT_CPSMS  bcxx.o
    0x0800fc98   0x00000040   Code   RO         1774    i.bcxx_set_AT_CSCON  bcxx.o
    0x0800fcd8   0x0000004c   Code   RO         1775    i.bcxx_set_AT_MIPLCONFIG  bcxx.o
    0x0800fd24   0x0000008c   Code   RO         1776    i.bcxx_set_AT_NBAND  bcxx.o
    0x0800fdb0   0x0000003c   Code   RO         1780    i.bcxx_set_AT_NRB   bcxx.o
    0x0800fdec   0x00000040   Code   RO         1785    i.bcxx_set_AT_NSONMI  bcxx.o
    0x0800fe2c   0x00000040   Code   RO         1787    i.bcxx_set_AT_QREGSWT  bcxx.o
    0x0800fe6c   0x000000b0   Code   RO         1788    i.bcxx_set_NATSPEED  bcxx.o
    0x0800ff1c   0x0000007c   Code   RO         1789    i.bcxx_write_rsp    bcxx.o
    0x0800ff98   0x0000004c   Code   RO         2216    i.cd4051b_set_channel  cd4051b.o
    0x0800ffe4   0x00000034   Code   RO          798    i.create_device     task_net.o
    0x08010018   0x00000034   Code   RO         2153    i.dali_receive_data  dali.o
    0x0801004c   0x00000034   Code   RO         1002    i.delay_init        delay.o
    0x08010080   0x0000003c   Code   RO         1003    i.delay_ms          delay.o
    0x080100bc   0x00000044   Code   RO         1007    i.delay_us          delay.o
    0x08010100   0x0000000c   Code   RO         6632    i.deregister_reply  registraction.o
    0x0801010c   0x00000002   Code   RO          799    i.execute_callback  task_net.o
    0x0801010e   0x00000002   PAD
    0x08010110   0x00000050   Code   RO         5281    i.fifo_get          fifo.o
    0x08010160   0x00000048   Code   RO         5282    i.fifo_init         fifo.o
    0x080101a8   0x00000040   Code   RO         5283    i.fifo_put          fifo.o
    0x080101e8   0x0000005a   Code   RO          301    i.find_str          common.o
    0x08010242   0x00000002   PAD
    0x08010244   0x00000018   Code   RO         1295    i.fputc             usart.o
    0x0801025c   0x00000068   Code   RO          302    i.get_str1          common.o
    0x080102c4   0x000002a8   Code   RO         6449    i.handle_request    nbiot.o
    0x0801056c   0x000003f4   Code   RO         6450    i.handle_transaction  nbiot.o
    0x08010960   0x00000014   Code   RO         1790    i.ip_SendData       bcxx.o
    0x08010974   0x000000ac   Code   RO            1    i.main              main.o
    0x08010a20   0x00000040   Code   RO         5182    i.mem_free          malloc.o
    0x08010a60   0x00000028   Code   RO         5183    i.mem_init          malloc.o
    0x08010a88   0x00000060   Code   RO         5184    i.mem_malloc        malloc.o
    0x08010ae8   0x0000002c   Code   RO         5185    i.mem_perused       malloc.o
    0x08010b14   0x00000026   Code   RO         5251    i.memb_alloc        memb.o
    0x08010b3a   0x0000002c   Code   RO         5252    i.memb_free         memb.o
    0x08010b66   0x0000001c   Code   RO         5253    i.memb_init         memb.o
    0x08010b82   0x00000002   PAD
    0x08010b84   0x00000014   Code   RO         5186    i.myfree            malloc.o
    0x08010b98   0x0000001c   Code   RO         5187    i.mymalloc          malloc.o
    0x08010bb4   0x0000000c   Code   RO         5189    i.mymemset          malloc.o
    0x08010bc0   0x0000005a   Code   RO         6371    i.nbiot_atoi        utils.o
    0x08010c1a   0x00000002   PAD
    0x08010c1c   0x00000020   Code   RO         6303    i.nbiot_clear_environment  environment.o
    0x08010c3c   0x00000040   Code   RO         6633    i.nbiot_deregister  registraction.o
    0x08010c7c   0x00000068   Code   RO         6451    i.nbiot_device_close  nbiot.o
    0x08010ce4   0x00000090   Code   RO         6452    i.nbiot_device_connect  nbiot.o
    0x08010d74   0x0000004a   Code   RO         6453    i.nbiot_device_create  nbiot.o
    0x08010dbe   0x00000002   PAD
    0x08010dc0   0x000000c4   Code   RO         6454    i.nbiot_device_destroy  nbiot.o
    0x08010e84   0x000000d0   Code   RO         6455    i.nbiot_device_step  nbiot.o
    0x08010f54   0x00000004   Code   RO         6329    i.nbiot_free        memory.o
    0x08010f58   0x00000104   Code   RO         6456    i.nbiot_handle_buffer  nbiot.o
    0x0801105c   0x00000024   Code   RO         6304    i.nbiot_init_environment  environment.o
    0x08011080   0x00000054   Code   RO         6372    i.nbiot_itoa        utils.o
    0x080110d4   0x0000002c   Code   RO         6531    i.nbiot_list_add    nblist.o
    0x08011100   0x00000046   Code   RO         6532    i.nbiot_list_del    nblist.o
    0x08011146   0x00000014   Code   RO         6533    i.nbiot_list_free   nblist.o
    0x0801115a   0x00000016   Code   RO         6534    i.nbiot_list_get    nblist.o
    0x08011170   0x00000004   Code   RO         6330    i.nbiot_malloc      memory.o
    0x08011174   0x0000001e   Code   RO         6374    i.nbiot_memmove     utils.o
    0x08011192   0x00000014   Code   RO         6375    i.nbiot_memzero     utils.o
    0x080111a6   0x00000040   Code   RO         6567    i.nbiot_node_find   node.o
    0x080111e6   0x00000002   PAD
    0x080111e8   0x00000188   Code   RO         6568    i.nbiot_node_read   node.o
    0x08011370   0x00000114   Code   RO         6569    i.nbiot_node_write  node.o
    0x08011484   0x0000011e   Code   RO         6591    i.nbiot_observe_add  observe.o
    0x080115a2   0x000000ec   Code   RO         6593    i.nbiot_observe_step  observe.o
    0x0801168e   0x00000002   PAD
    0x08011690   0x00000020   Code   RO         6376    i.nbiot_rand        utils.o
    0x080116b0   0x00000014   Code   RO         6457    i.nbiot_recv_buffer  nbiot.o
    0x080116c4   0x00000038   Code   RO         6634    i.nbiot_register_start  registraction.o
    0x080116fc   0x00000048   Code   RO         6635    i.nbiot_register_step  registraction.o
    0x08011744   0x00000030   Code   RO         6636    i.nbiot_register_update  registraction.o
    0x08011774   0x000001c8   Code   RO         6458    i.nbiot_resource_add  nbiot.o
    0x0801193c   0x000000fa   Code   RO         6460    i.nbiot_send_buffer  nbiot.o
    0x08011a36   0x00000006   Code   RO         1008    i.nbiot_sleep       delay.o
    0x08011a3c   0x00000032   Code   RO         6377    i.nbiot_strdup      utils.o
    0x08011a6e   0x00000010   Code   RO         6378    i.nbiot_strlen      utils.o
    0x08011a7e   0x0000001e   Code   RO         6380    i.nbiot_strncpy     utils.o
    0x08011a9c   0x00000014   Code   RO         1009    i.nbiot_time        delay.o
    0x08011ab0   0x0000006c   Code   RO         6677    i.nbiot_transaction_add  transaction.o
    0x08011b1c   0x00000040   Code   RO         6678    i.nbiot_transaction_del  transaction.o
    0x08011b5c   0x00000056   Code   RO         6679    i.nbiot_transaction_step  transaction.o
    0x08011bb2   0x0000001a   Code   RO         6350    i.nbiot_udp_recv    socket.o
    0x08011bcc   0x00000012   Code   RO         6351    i.nbiot_udp_send    socket.o
    0x08011bde   0x00000002   PAD
    0x08011be0   0x00000130   Code   RO         1791    i.netdev_init       bcxx.o
    0x08011d10   0x00000054   Code   RO         1792    i.netif_rx          bcxx.o
    0x08011d64   0x0000003e   Code   RO         6594    i.observe_check     observe.o
    0x08011da2   0x00000002   PAD
    0x08011da4   0x0000007c   Code   RO         6595    i.observe_read      observe.o
    0x08011e20   0x000009e0   Code   RO         6857    i.pow               m_ws.l(pow.o)
    0x08012800   0x00000034   Code   RO         5990    i.prvAddCurrentTaskToDelayedList  tasks.o
    0x08012834   0x00000058   Code   RO         5991    i.prvCheckTasksWaitingTermination  tasks.o
    0x0801288c   0x00000026   Code   RO         5818    i.prvCopyDataFromQueue  queue.o
    0x080128b2   0x0000006e   Code   RO         5819    i.prvCopyDataToQueue  queue.o
    0x08012920   0x00000028   Code   RO         5992    i.prvIdleTask       tasks.o
    0x08012948   0x00000020   Code   RO         5994    i.prvResetNextTaskUnblockTime  tasks.o
    0x08012968   0x00000020   Code   RO         5748    i.prvTaskExitError  port.o
    0x08012988   0x00000064   Code   RO         5820    i.prvUnlockQueue    queue.o
    0x080129ec   0x00000018   Code   RO         5997    i.pvTaskIncrementMutexHeldCount  tasks.o
    0x08012a04   0x00000020   Code   RO         5749    i.pxPortInitialiseStack  port.o
    0x08012a24   0x00000002   Code   RO          800    i.read_callback     task_net.o
    0x08012a26   0x00000002   PAD
    0x08012a28   0x00000010   Code   RO         1719    i.register_cmd_handler  at_cmd.o
    0x08012a38   0x0000001e   Code   RO         6637    i.registraction_reply  registraction.o
    0x08012a56   0x0000001e   Code   RO         6638    i.registraction_update_reply  registraction.o
    0x08012a74   0x000000c8   Code   RO          801    i.res_update        task_net.o
    0x08012b3c   0x0000000e   Code   RO         5308    i.ringbuf_clear     ringbuf.o
    0x08012b4a   0x0000000c   Code   RO         5309    i.ringbuf_elements  ringbuf.o
    0x08012b56   0x0000000e   Code   RO         5311    i.ringbuf_init      ringbuf.o
    0x08012b64   0x00000024   Code   RO         5312    i.ringbuf_put       ringbuf.o
    0x08012b88   0x00000018   Code   RO          305    i.search_str        common.o
    0x08012ba0   0x0000004c   Code   RO         6951    i.sqrt              m_ws.l(sqrt.o)
    0x08012bec   0x000000cc   Code   RO          802    i.sync_sensor_data  task_net.o
    0x08012cb8   0x00000028   Code   RO          803    i.unregister_all_things  task_net.o
    0x08012ce0   0x00000024   Code   RO         5711    i.uxListRemove      list.o
    0x08012d04   0x00000016   Code   RO         5712    i.vListInitialise   list.o
    0x08012d1a   0x00000006   Code   RO         5713    i.vListInitialiseItem  list.o
    0x08012d20   0x00000030   Code   RO         5714    i.vListInsert       list.o
    0x08012d50   0x00000018   Code   RO         5715    i.vListInsertEnd    list.o
    0x08012d68   0x00000048   Code   RO         5751    i.vPortEnterCritical  port.o
    0x08012db0   0x00000028   Code   RO         5752    i.vPortExitCritical  port.o
    0x08012dd8   0x00000020   Code   RO         5753    i.vPortSetupTimerInterrupt  port.o
    0x08012df8   0x00000068   Code   RO         6006    i.vTaskDelay        tasks.o
    0x08012e60   0x00000128   Code   RO          741    i.vTaskHCI          task_hci.o
    0x08012f88   0x0000006c   Code   RO          718    i.vTaskLED          task_led.o
    0x08012ff4   0x0000009c   Code   RO          880    i.vTaskMAIN         task_main.o
    0x08013090   0x0000000c   Code   RO         6010    i.vTaskMissedYield  tasks.o
    0x0801309c   0x0000008c   Code   RO          804    i.vTaskNET          task_net.o
    0x08013128   0x00000064   Code   RO         6012    i.vTaskPlaceOnEventList  tasks.o
    0x0801318c   0x00000084   Code   RO         6014    i.vTaskPriorityInherit  tasks.o
    0x08013210   0x000001ac   Code   RO          764    i.vTaskSENSOR       task_sensor.o
    0x080133bc   0x00000024   Code   RO         6018    i.vTaskSetTimeOutState  tasks.o
    0x080133e0   0x00000068   Code   RO         6019    i.vTaskStartScheduler  tasks.o
    0x08013448   0x00000010   Code   RO         6021    i.vTaskSuspendAll   tasks.o
    0x08013458   0x0000005c   Code   RO         6022    i.vTaskSwitchContext  tasks.o
    0x080134b4   0x000000a6   Code   RO          805    i.write_callback    task_net.o
    0x0801355a   0x00000002   PAD
    0x0801355c   0x0000007c   Code   RO         5756    i.xPortStartScheduler  port.o
    0x080135d8   0x0000002c   Code   RO         5757    i.xPortSysTickHandler  port.o
    0x08013604   0x0000004a   Code   RO         5831    i.xQueueCreateMutex  queue.o
    0x0801364e   0x00000064   Code   RO         5832    i.xQueueGenericCreate  queue.o
    0x080136b2   0x00000002   PAD
    0x080136b4   0x00000178   Code   RO         5833    i.xQueueGenericReceive  queue.o
    0x0801382c   0x00000084   Code   RO         5834    i.xQueueGenericReset  queue.o
    0x080138b0   0x00000164   Code   RO         5835    i.xQueueGenericSend  queue.o
    0x08013a14   0x0000006c   Code   RO         6023    i.xTaskCheckForTimeOut  tasks.o
    0x08013a80   0x000001cc   Code   RO         6024    i.xTaskGenericCreate  tasks.o
    0x08013c4c   0x0000001c   Code   RO         6028    i.xTaskGetSchedulerState  tasks.o
    0x08013c68   0x000000cc   Code   RO         6031    i.xTaskIncrementTick  tasks.o
    0x08013d34   0x00000098   Code   RO         6034    i.xTaskPriorityDisinherit  tasks.o
    0x08013dcc   0x00000074   Code   RO         6035    i.xTaskRemoveFromEventList  tasks.o
    0x08013e40   0x000000c4   Code   RO         6037    i.xTaskResumeAll    tasks.o
    0x08013f04   0x0000002c   Code   RO         7019    locale$$code        c_w.l(lc_ctype_c.o)
    0x08013f30   0x0000002c   Code   RO         7022    locale$$code        c_w.l(lc_numeric_c.o)
    0x08013f5c   0x00000150   Code   RO         6800    x$fpl$dadd          fz_ws.l(daddsub_clz.o)
    0x080140ac   0x00000010   Code   RO         7026    x$fpl$dcheck1       fz_ws.l(dcheck1.o)
    0x080140bc   0x00000018   Code   RO         7055    x$fpl$dcmpinf       fz_ws.l(dcmpi.o)
    0x080140d4   0x000002b0   Code   RO         6807    x$fpl$ddiv          fz_ws.l(ddiv.o)
    0x08014384   0x0000005a   Code   RO         6814    x$fpl$dfixu         fz_ws.l(dfixu.o)
    0x080143de   0x0000002e   Code   RO         6819    x$fpl$dflt          fz_ws.l(dflt_clz.o)
    0x0801440c   0x000000a2   Code   RO         6824    x$fpl$dfltll        fz_ws.l(dfltll_clz.o)
    0x080144ae   0x00000026   Code   RO         6818    x$fpl$dfltu         fz_ws.l(dflt_clz.o)
    0x080144d4   0x00000078   Code   RO         7028    x$fpl$dleqf         fz_ws.l(dleqf.o)
    0x0801454c   0x00000154   Code   RO         6828    x$fpl$dmul          fz_ws.l(dmul.o)
    0x080146a0   0x0000009c   Code   RO         6930    x$fpl$dnaninf       fz_ws.l(dnaninf.o)
    0x0801473c   0x0000000c   Code   RO         6932    x$fpl$dretinf       fz_ws.l(dretinf.o)
    0x08014748   0x0000006c   Code   RO         6934    x$fpl$drleqf        fz_ws.l(drleqf.o)
    0x080147b4   0x00000016   Code   RO         6801    x$fpl$drsb          fz_ws.l(daddsub_clz.o)
    0x080147ca   0x00000002   PAD
    0x080147cc   0x000001cc   Code   RO         7030    x$fpl$dsqrt         fz_ws.l(dsqrt_noumaal.o)
    0x08014998   0x000001d4   Code   RO         6802    x$fpl$dsub          fz_ws.l(daddsub_clz.o)
    0x08014b6c   0x00000056   Code   RO         6830    x$fpl$f2d           fz_ws.l(f2d.o)
    0x08014bc2   0x00000002   PAD
    0x08014bc4   0x000000c4   Code   RO         6832    x$fpl$fadd          fz_ws.l(faddsub_clz.o)
    0x08014c88   0x00000184   Code   RO         6839    x$fpl$fdiv          fz_ws.l(fdiv.o)
    0x08014e0c   0x0000003e   Code   RO         6842    x$fpl$ffixu         fz_ws.l(ffixu.o)
    0x08014e4a   0x00000002   PAD
    0x08014e4c   0x00000030   Code   RO         6847    x$fpl$fflt          fz_ws.l(fflt_clz.o)
    0x08014e7c   0x00000026   Code   RO         6846    x$fpl$ffltu         fz_ws.l(fflt_clz.o)
    0x08014ea2   0x00000002   PAD
    0x08014ea4   0x00000102   Code   RO         6852    x$fpl$fmul          fz_ws.l(fmul.o)
    0x08014fa6   0x0000008c   Code   RO         6936    x$fpl$fnaninf       fz_ws.l(fnaninf.o)
    0x08015032   0x0000000a   Code   RO         6938    x$fpl$fretinf       fz_ws.l(fretinf.o)
    0x0801503c   0x000000ea   Code   RO         6834    x$fpl$fsub          fz_ws.l(faddsub_clz.o)
    0x08015126   0x00000002   PAD
    0x08015128   0x000000c2   Code   RO         6810    x$fpl$llsfromd      fz_ws.l(dfixll.o)
    0x080151ea   0x00000004   Code   RO         6854    x$fpl$printf1       fz_ws.l(printf1.o)
    0x080151ee   0x00000064   Code   RO         7057    x$fpl$retnan        fz_ws.l(retnan.o)
    0x08015252   0x0000005c   Code   RO         6940    x$fpl$scalbn        fz_ws.l(scalbn.o)
    0x080152ae   0x00000030   Code   RO         7069    x$fpl$trapveneer    fz_ws.l(trapv.o)
    0x080152de   0x00000000   Code   RO         6942    x$fpl$usenofp       fz_ws.l(usenofp.o)
    0x080152de   0x00000018   Data   RO         1227    .constdata          rtc.o
    0x080152f6   0x00000028   Data   RO         6727    .constdata          c_w.l(_printf_hex_int.o)
    0x0801531e   0x00000011   Data   RO         6757    .constdata          c_w.l(__printf_flags_wp.o)
    0x0801532f   0x00000001   PAD
    0x08015330   0x00000088   Data   RO         6858    .constdata          m_ws.l(pow.o)
    0x080153b8   0x0000000c   Data   RO         6886    .constdata          c_w.l(_monlen.o)
    0x080153c4   0x00000004   PAD
    0x080153c8   0x00000008   Data   RO         6949    .constdata          m_ws.l(qnan.o)
    0x080153d0   0x00000094   Data   RO         6990    .constdata          c_w.l(bigflt0.o)
    0x08015464   0x00000020   Data   RO         7127    Region$$Table       anon$$obj.o
    0x08015484   0x00000110   Data   RO         7018    locale$$data        c_w.l(lc_ctype_c.o)
    0x08015594   0x0000001c   Data   RO         7021    locale$$data        c_w.l(lc_numeric_c.o)


    Execution Region RW_IRAM1 (Base: 0x20000000, Size: 0x0000b7a8, Max: 0x00010000, ABSOLUTE, COMPRESSED[0x0000016c])

    Base Addr    Size         Type   Attr      Idx    E Section Name        Object

    0x20000000   0x00000266   Data   RW          309    .data               common.o
    0x20000266   0x00000002   PAD
    0x20000268   0x00000004   Data   RW          310    .data               common.o
    0x2000026c   0x00000004   Data   RW          311    .data               common.o
    0x20000270   0x00000004   Data   RW          312    .data               common.o
    0x20000274   0x00000004   Data   RW          313    .data               common.o
    0x20000278   0x00000001   Data   RW          316    .data               common.o
    0x20000279   0x00000001   Data   RW          318    .data               common.o
    0x2000027a   0x00000001   Data   RW          319    .data               common.o
    0x2000027b   0x00000001   PAD
    0x2000027c   0x00000004   Data   RW          320    .data               common.o
    0x20000280   0x00000004   Data   RW          719    .data               task_led.o
    0x20000284   0x00000004   Data   RW          742    .data               task_hci.o
    0x20000288   0x00000028   Data   RW          765    .data               task_sensor.o
    0x200002b0   0x00000004   Data   RW          766    .data               task_sensor.o
    0x200002b4   0x00000004   Data   RW          807    .data               task_net.o
    0x200002b8   0x00000018   Data   RW          808    .data               task_net.o
    0x200002d0   0x00000004   Data   RW          881    .data               task_main.o
    0x200002d4   0x00000002   Data   RW          882    .data               task_main.o
    0x200002d6   0x00000002   PAD
    0x200002d8   0x00000014   Data   RW          975    .data               system_stm32f10x.o
    0x200002ec   0x00000008   Data   RW         1010    .data               delay.o
    0x200002f4   0x00000002   Data   RW         1228    .data               rtc.o
    0x200002f6   0x00000032   Data   RW         1297    .data               usart.o
    0x20000328   0x00000004   Data   RW         1298    .data               usart.o
    0x2000032c   0x00000010   Data   RW         1443    .data               usart2.o
    0x2000033c   0x00000001   Data   RW         1444    .data               usart2.o
    0x2000033d   0x00000003   PAD
    0x20000340   0x00000004   Data   RW         1567    .data               sht2x.o
    0x20000344   0x00000004   Data   RW         1568    .data               sht2x.o
    0x20000348   0x00000004   Data   RW         1615    .data               bh1750.o
    0x2000034c   0x0000000c   Data   RW         1666    .data               inventr.o
    0x20000358   0x00000004   Data   RW         1667    .data               inventr.o
    0x2000035c   0x00000004   Data   RW         1668    .data               inventr.o
    0x20000360   0x00000004   Data   RW         1669    .data               inventr.o
    0x20000364   0x00000004   Data   RW         1670    .data               inventr.o
    0x20000368   0x0000000c   Data   RW         1720    .data               at_cmd.o
    0x20000374   0x00000001   Data   RW         1794    .data               bcxx.o
    0x20000375   0x00000003   PAD
    0x20000378   0x00000030   Data   RW         2066    .data               att7059x.o
    0x200003a8   0x0000000c   Data   RW         2158    .data               dali.o
    0x200003b4   0x00000014   Data   RW         3828    .data               stm32f10x_rcc.o
    0x200003c8   0x00000014   Data   RW         5196    .data               malloc.o
    0x200003dc   0x00000008   Data   RW         5284    .data               fifo.o
    0x200003e4   0x00000001   Data   RW         5380    .data               at_protoco.o
    0x200003e5   0x00000003   PAD
    0x200003e8   0x0000000c   Data   RW         5758    .data               port.o
    0x200003f4   0x00000038   Data   RW         6040    .data               tasks.o
    0x2000042c   0x00000001   Data   RW         6306    .data               environment.o
    0x2000042d   0x00000001   Data   RW         6382    .data               utils.o
    0x2000042e   0x00000005   Data   RW         6462    .data               nbiot.o
    0x20000433   0x00000001   PAD
    0x20000434   0x00000014   Zero   RW            3    .bss                main.o
    0x20000448   0x00000200   Zero   RW          306    .bss                common.o
    0x20000648   0x00000140   Zero   RW          806    .bss                task_net.o
    0x20000788   0x0000000a   Zero   RW         1226    .bss                rtc.o
    0x20000792   0x00000420   Zero   RW         1296    .bss                usart.o
    0x20000bb2   0x00000002   PAD
    0x20000bb4   0x00000418   Zero   RW         1441    .bss                usart2.o
    0x20000fcc   0x00000202   Zero   RW         1442    .bss                usart2.o
    0x200011ce   0x00000200   Zero   RW         1793    .bss                bcxx.o
    0x200013ce   0x00000002   PAD
    0x200013d0   0x00008000   Zero   RW         5191    .bss                malloc.o
    0x200093d0   0x00000800   Zero   RW         5192    .bss                malloc.o
    0x20009bd0   0x000000d0   Zero   RW         5379    .bss                at_protoco.o
    0x20009ca0   0x00000118   Zero   RW         6039    .bss                tasks.o
    0x20009db8   0x000000aa   Zero   RW         6461    .bss                nbiot.o
    0x20009e62   0x00000002   PAD
    0x20009e64   0x000000e4   Zero   RW         6771    .bss                c_w.l(rand.o)
    0x20009f48   0x00000060   Zero   RW         7037    .bss                c_w.l(libspace.o)
    0x20009fa8   0x00000200   Zero   RW          966    HEAP                startup_stm32f10x_hd.o
    0x2000a1a8   0x00001600   Zero   RW          965    STACK               startup_stm32f10x_hd.o


==============================================================================

Image component sizes


      Code (inc. data)   RO Data    RW Data    ZI Data      Debug   Object Name

       310         16          0          0          0       2271   24cxx.o
       324         26          0         12          0       3202   at_cmd.o
      5532       1366          0          1        208      20818   at_protoco.o
       688         94          0         48          0       9025   att7059x.o
      4272       1042          0          1        512      22348   bcxx.o
         0          0          0          4          0        239   bh1750.o
       120         12          0          0          0       1093   cd4051b.o
      3360        404          0        637        512      31685   common.o
         0          0          0          0          0         32   core_cm3.o
       160         18          0          0          0       1107   dac.o
        84          4          0         12          0       1525   dali.o
       234         28          0          8          0       4608   delay.o
        68         12          0          1          0       1195   environment.o
         0          0          0          0          0       9428   event_groups.o
       216         14          0          8          0       2377   fifo.o
       724         40          0          0          0       4278   iic1.o
      1196        106          0         28          0       4483   inventr.o
        52          8          0          0          0        479   led.o
       136          0          0          0          0       2786   list.o
       172         14          0          0         20     298965   main.o
       304         34          0         20      34816       5105   malloc.o
       110          0          0          0          0       1913   memb.o
         8          0          0          0          0        892   memory.o
       144         20          0          0          0       1805   misc.o
      3404        288          0          5        170      12622   nbiot.o
       156          0          0          0          0       2561   nblist.o
      1000        130          0          0          0       4492   net_protocol.o
       732         24          0          0          0       3135   node.o
       708          6          0          0          0       3498   observe.o
       538         60          0         12          0       6556   port.o
       164         14          0          0          0       1111   pwm.o
      1286         14          0          0          0       8374   queue.o
       312         14          0          0          0       4536   registraction.o
        76          0          0          0          0       2160   ringbuf.o
       980         48         24          2         10       5648   rtc.o
       308        122          0          0          0      10350   rtos_task.o
         0          0          0          8          0        267   sht2x.o
        44          0          0          0          0       1650   socket.o
        64         26        304          0       6144        760   startup_stm32f10x_hd.o
        50          8          0          0          0       2448   stm32f10x_bkp.o
        84         14          0          0          0       2107   stm32f10x_dac.o
       156         14          0          0          0       1904   stm32f10x_exti.o
       262          6          0          0          0       3790   stm32f10x_gpio.o
        42         10          0          0          0       2541   stm32f10x_it.o
        68         30          0          0          0       2218   stm32f10x_iwdg.o
        12          6          0          0          0        454   stm32f10x_pwr.o
       364         68          0         20          0       7600   stm32f10x_rcc.o
       228         50          0          0          0       5074   stm32f10x_rtc.o
       416         50          0          0          0       6488   stm32f10x_tim.o
       462         24          0          0          0       6462   stm32f10x_usart.o
       258          0          0          0          0       1517   sys.o
       248         24          0         20          0       1753   system_stm32f10x.o
       296         78          0          4          0        910   task_hci.o
       108          8          0          4          0       1384   task_led.o
       704         56          0          6          0      17521   task_main.o
      1938         86          0         28        320       8425   task_net.o
       428         60          0         44          0       2759   task_sensor.o
      2096        176          0         56        280      17118   tasks.o
       258          0          0          0          0       2473   transaction.o
      2038        200          0         54       1056      16010   usart.o
       548         90          0         17       1562       7902   usart2.o
       352          4          0          1          0       5001   utils.o

    ----------------------------------------------------------------------
     39456       5066        360       1076      45616     623238   Object Totals
         0          0         32          0          0          0   (incl. Generated)
        54          0          0         15          6          0   (incl. Padding)

    ----------------------------------------------------------------------

      Code (inc. data)   RO Data    RW Data    ZI Data      Debug   Library Member Name

        90          0          0          0          0          0   __dczerorl2.o
         8          0          0          0          0         68   __main.o
       316          6         17          0          0         92   __printf_flags_wp.o
        14          0          0          0          0         68   __printf_wp.o
        52          8          0          0          0          0   __scatter.o
        28          0          0          0          0          0   __scatter_zi.o
         0          0         12          0          0          0   _monlen.o
        44          0          0          0          0        108   _printf_char.o
        48          6          0          0          0         96   _printf_char_common.o
        36          4          0          0          0         80   _printf_char_file.o
         6          0          0          0          0          0   _printf_d.o
       120         18          0          0          0         92   _printf_dec.o
         6          0          0          0          0          0   _printf_f.o
      1056          0          0          0          0        216   _printf_fp_dec.o
       128         16          0          0          0         84   _printf_fp_infnan.o
        92          4         40          0          0         88   _printf_hex_int.o
       184          0          0          0          0         88   _printf_intcommon.o
        82          0          0          0          0        108   _printf_pad.o
         0          0          0          0          0          0   _printf_percent.o
         4          0          0          0          0          0   _printf_percent_end.o
         6          0          0          0          0          0   _printf_s.o
        82          0          0          0          0         80   _printf_str.o
         6          0          0          0          0          0   _printf_x.o
        22          0          0          0          0        100   _rserrno.o
        10          0          0          0          0         68   _sputc.o
        16          0          0          0          0         68   aeabi_memset.o
       228          6        148          0          0         96   bigflt0.o
      1910        128          0          0          0        672   btod.o
        12          0          0          0          0         72   exit.o
         8          0          0          0          0         68   ferror.o
         6          0          0          0          0        152   heapauxi.o
        44         10        272          0          0         76   lc_ctype_c.o
        44         10         28          0          0         76   lc_numeric_c.o
         2          0          0          0          0          0   libinit.o
        34          0          0          0          0          0   libinit2.o
         2          0          0          0          0          0   libshutdown.o
         2          0          0          0          0          0   libshutdown2.o
         8          4          0          0         96         68   libspace.o
       138          0          0          0          0         80   lludiv10.o
        88          0          0          0          0         76   memcmp.o
       420          8          0          0          0        128   mktime.o
        24          4          0          0          0         84   noretval__2printf.o
        40          6          0          0          0         84   noretval__2sprintf.o
       112         18          0          0        228        160   rand.o
        16          4          0          0          0         76   rt_ctype_table.o
         8          4          0          0          0         68   rt_errno_addr_intlibspace.o
         8          4          0          0          0         68   rt_locale_intlibspace.o
        68          0          0          0          0         68   rt_memclr.o
        78          0          0          0          0         80   rt_memclr_w.o
       138          0          0          0          0         68   rt_memcpy_v6.o
       100          0          0          0          0         80   rt_memcpy_w.o
         0          0          0          0          0          0   rtentry.o
        12          0          0          0          0          0   rtentry2.o
         6          0          0          0          0          0   rtentry4.o
         2          0          0          0          0          0   rtexit.o
        10          0          0          0          0          0   rtexit2.o
        24          0          0          0          0         68   strcat.o
       128          0          0          0          0         68   strcmpv7m.o
        62          0          0          0          0         76   strlen.o
        36          0          0          0          0         80   strstr.o
        74          0          0          0          0         80   sys_stackheap_outer.o
        30          0          0          0          0         76   toupper.o
         2          0          0          0          0         68   use_no_semi.o
         2          0          0          0          0         68   use_no_semi_2.o
       826         16          0          0          0        348   daddsub_clz.o
        16          4          0          0          0         68   dcheck1.o
        24          0          0          0          0         68   dcmpi.o
       688        140          0          0          0        208   ddiv.o
       194          4          0          0          0        116   dfixll.o
        90          4          0          0          0         92   dfixu.o
        84          0          0          0          0        136   dflt_clz.o
       162          0          0          0          0         84   dfltll_clz.o
       120          4          0          0          0         92   dleqf.o
       340         12          0          0          0        104   dmul.o
       156          4          0          0          0         92   dnaninf.o
        12          0          0          0          0         68   dretinf.o
       108          0          0          0          0         80   drleqf.o
       460         56          0          0          0        120   dsqrt_noumaal.o
        86          4          0          0          0         84   f2d.o
       430          8          0          0          0        168   faddsub_clz.o
       388         76          0          0          0         96   fdiv.o
        62          4          0          0          0         84   ffixu.o
        86          0          0          0          0        136   fflt_clz.o
       258          4          0          0          0         84   fmul.o
       140          4          0          0          0         84   fnaninf.o
        10          0          0          0          0         68   fretinf.o
         4          0          0          0          0         68   printf1.o
       100          0          0          0          0         68   retnan.o
        92          0          0          0          0         68   scalbn.o
        48          0          0          0          0         68   trapv.o
         0          0          0          0          0          0   usenofp.o
        16          6          0          0          0         68   dunder.o
        40          0          0          0          0         68   fpclassify.o
       170          0          0          0          0         96   poly.o
      2528        190        136          0          0        332   pow.o
         0          0          8          0          0          0   qnan.o
        76          0          0          0          0         84   sqrt.o

    ----------------------------------------------------------------------
     14222        808        666          0        324       7888   Library Totals
        26          0          5          0          0          0   (incl. Padding)

    ----------------------------------------------------------------------

      Code (inc. data)   RO Data    RW Data    ZI Data      Debug   Library Name

      6382        268        517          0        324       4488   c_w.l
      4984        344          0          0          0       2752   fz_ws.l
      2830        196        144          0          0        648   m_ws.l

    ----------------------------------------------------------------------
     14222        808        666          0        324       7888   Library Totals

    ----------------------------------------------------------------------

==============================================================================


      Code (inc. data)   RO Data    RW Data    ZI Data      Debug   

     53678       5874       1026       1076      45940     606374   Grand Totals
     53678       5874       1026        364      45940     606374   ELF Image Totals (compressed)
     53678       5874       1026        364          0          0   ROM Totals

==============================================================================

    Total RO  Size (Code + RO Data)                54704 (  53.42kB)
    Total RW  Size (RW Data + ZI Data)             47016 (  45.91kB)
    Total ROM Size (Code + RO Data + RW Data)      55068 (  53.78kB)

==============================================================================

